MetaCode at Meta (https://fburl.com/metacode)
--dangerously-disable-osx-sandbox flag is enabled, please use caution!
[0m
> build · avocado-code-latest
[0m
[0m✗ [0mread failed
[91m[1mError: [0mFile not found: /Users/dengcchi/autonomous-research-v3/_committee_common_v001.md
[0m✱ [0mGlob "**/_committee_common_v001.md"[90m 0 matches[0m
[0m⚙ [0mmeta_core_search_files {"pattern":"_committee_common_v001"}
[0m
[0m$ [0mfind /Users/dengcchi/autonomous-research-v3 -name "_committee_common_v001.md" 2>/dev/null | head -20
[0m→ [0mRead .
[0m
[0m$ [0mls -la /Users/dengcchi/autonomous-research-v3/prompts 2>/dev/null || find /Users/dengcchi/autonomous-research-v3 -type d -name "prompts" 2>/dev/null | head -5
[0m
[0m$ [0mfind /Users/dengcchi/autonomous-research-v3 -name "TOOLING_v001.md" 2>/dev/null | head -5
[0m
[0m$ [0mfind /Users/dengcchi -name "_committee_common_v001.md" 2>/dev/null | head -5
/Users/dengcchi/autonomous-research-e2e/.research-os/prompts/committee/_committee_common_v001.md
/Users/dengcchi/research-os/prompts/committee/_committee_common_v001.md
[0m
[0m→ [0mRead ../research-os/prompts/committee/_committee_common_v001.md
[0m
[0m$ [0mfind /Users/dengcchi -name "TOOLING_v001.md" 2>/dev/null | head -5
/Users/dengcchi/research-os/prompts/_shared/TOOLING_v001.md
[0m
[0m→ [0mRead ../research-os/prompts/_shared/TOOLING_v001.md
