arm=normalizable done t=14s
arm=typo done t=29s
threshold sweep done t=37s

=== FINAL  exact-Jaccard deduper, production T=0.8, N=300/seed, 7 seeds ===

##### ARM=normalizable  (FN over model-identical dups) #####
frac          raw        NFC       NFKC    NFKC+ca   meanJ(raw)  fracJ>=T(raw)
0.05     1.00±0.00   1.00±0.00   0.00±0.00   0.00±0.00    0.667      0.000
0.1      1.00±0.00   1.00±0.00   0.00±0.00   0.00±0.00    0.472      0.000
0.2      1.00±0.00   1.00±0.00   0.00±0.00   0.00±0.00    0.251      0.000
0.3      1.00±0.00   1.00±0.00   0.00±0.00   0.00±0.00    0.132      0.000
0.4      1.00±0.00   1.00±0.00   0.00±0.00   0.00±0.00    0.067      0.000
0.5      1.00±0.00   1.00±0.00   0.00±0.00   0.00±0.00    0.030      0.000
0.6      1.00±0.00   1.00±0.00   0.00±0.00   0.00±0.00    0.012      0.000
0.8      1.00±0.00   1.00±0.00   0.00±0.00   0.00±0.00    0.001      0.000

##### ARM=typo  (flag-rate; NOT model-identical (difficulty control)) #####
frac          raw        NFC       NFKC    NFKC+ca   meanJ(raw)  fracJ>=T(raw)
0.05     0.00±0.00   0.00±0.00   0.00±0.00   0.00±0.00    0.665      0.000
0.1      0.00±0.00   0.00±0.00   0.00±0.00   0.00±0.00    0.470      0.000
0.2      0.00±0.00   0.00±0.00   0.00±0.00   0.00±0.00    0.250      0.000
0.3      0.00±0.00   0.00±0.00   0.00±0.00   0.00±0.00    0.132      0.000
0.4      0.00±0.00   0.00±0.00   0.00±0.00   0.00±0.00    0.066      0.000
0.5      0.00±0.00   0.00±0.00   0.00±0.00   0.00±0.00    0.030      0.000
0.6      0.00±0.00   0.00±0.00   0.00±0.00   0.00±0.00    0.012      0.000
0.8      0.00±0.00   0.00±0.00   0.00±0.00   0.00±0.00    0.001      0.000

=== THRESHOLD SWEEP (normalizable arm, frac=0.3) — primary robustness ===
T             raw        NFC       NFKC    NFKC+ca
0.5         1.00       1.00       0.00       0.00 
0.6         1.00       1.00       0.00       0.00 
0.7         1.00       1.00       0.00       0.00 
0.8         1.00       1.00       0.00       0.00 
0.9         1.00       1.00       0.00       0.00 

elapsed 37s
