frac=0.0 done t=32s
frac=0.1 done t=65s
frac=0.2 done t=100s
frac=0.3 done t=135s
frac=0.4 done t=170s
frac=0.5 done t=205s
frac=0.6 done t=240s
frac=0.8 done t=275s
frac=1.0 done t=310s

=== FRACTION SWEEP  LSH b=16 r=8 knee≈0.71  (perms=64,pairs=150,seeds=5) ===
FN_rate = missed model-identical dups / model-identical dups (NORMALIZABLE arm only; typo not model-identical)
flag_rate = deduper emitted the pair (both arms)


##### ARM = normalizable #####
FN_rate     frac        raw      NFC     NFKC   NFKC+c
           0.0       0.000    0.000    0.000    0.000
           0.1       0.000    0.000    0.000    0.000
           0.2       0.000    0.000    0.000    0.000
           0.3       0.000    0.000    0.000    0.000
           0.4       0.000    0.000    0.000    0.000
           0.5       0.000    0.000    0.000    0.000
           0.6       0.000    0.000    0.000    0.000
           0.8       0.000    0.000    0.000    0.000
           1.0       0.000    0.000    0.000    0.000
mean_Jacc  
           0.0       0.841    0.846    0.999    1.000
           0.1       0.472    0.483    0.993    1.000
           0.2       0.251    0.261    0.988    1.000
           0.3       0.133    0.140    0.984    1.000
           0.4       0.066    0.073    0.976    1.000
           0.5       0.029    0.034    0.971    1.000
           0.6       0.012    0.014    0.963    1.000
           0.8       0.001    0.001    0.953    1.000
           1.0       0.000    0.000    0.941    1.000

##### ARM = typo #####
FN_rate     frac        raw      NFC     NFKC   NFKC+c
           0.0         n/a      n/a      n/a      n/a
           0.1         n/a      n/a      n/a      n/a
           0.2         n/a      n/a      n/a      n/a
           0.3         n/a      n/a      n/a      n/a
           0.4         n/a      n/a      n/a      n/a
           0.5         n/a      n/a      n/a      n/a
           0.6         n/a      n/a      n/a      n/a
           0.8         n/a      n/a      n/a      n/a
           1.0         n/a      n/a      n/a      n/a
mean_Jacc  
           0.0       0.840    0.840    0.840    0.840
           0.1       0.470    0.470    0.471    0.470
           0.2       0.249    0.248    0.248    0.250
           0.3       0.132    0.132    0.132    0.132
           0.4       0.067    0.066    0.066    0.067
           0.5       0.030    0.030    0.030    0.030
           0.6       0.012    0.012    0.011    0.012
           0.8       0.001    0.001    0.001    0.001
           1.0       0.000    0.000    0.000    0.000

elapsed 310s
