=== CALIBRATION GATE: alpha=0 (memoryless control) ===
[GATE_B1] a=0.0 c=20 B1 fpr=0.1 A=22(dnc0.0%) B=23(dnc0.0%) pen=-2.6% pen_c=-3% CI[-3.7,-1.6] (1s)
[GATE_B2] a=0.0 c=20 B2 fpr=0 A=22(dnc0.0%) B=22(dnc0.0%) pen=-1.6% pen_c=-2% CI[-2.0,-1.1] (1s)
GATE: |pen_B1|=2.6% |pen_B2|=1.6% -> PASS
=== alpha sweep LINEAR c20 B1 fpr=fnr=0.1 ===
[alpha_B1] a=0.0 c=20 B1 fpr=0.1 A=22(dnc0.0%) B=23(dnc0.0%) pen=-2.6% pen_c=-3% CI[-3.7,-1.6] (2s)
[alpha_B1] a=0.002 c=20 B1 fpr=0.1 A=199(dnc60.5%) B=156(dnc1.4%) pen=+27.2% pen_c=-51% CI[+23.4,+31.4] (3s)
[alpha_B1] a=0.005 c=20 B1 fpr=0.1 A=187(dnc70.0%) B=124(dnc1.4%) pen=+50.8% pen_c=-61% CI[+47.0,+54.9] (4s)
[alpha_B1] a=0.01 c=20 B1 fpr=0.1 A=170(dnc67.1%) B=101(dnc1.1%) pen=+68.7% pen_c=-58% CI[+64.7,+72.8] (5s)
[alpha_B1] a=0.02 c=20 B1 fpr=0.1 A=163(dnc57.9%) B=84(dnc0.9%) pen=+94.0% pen_c=-52% CI[+89.0,+99.0] (6s)
[alpha_B1] a=0.04 c=20 B1 fpr=0.1 A=118(dnc49.8%) B=76(dnc1.6%) pen=+55.3% pen_c=-45% CI[+52.0,+58.9] (7s)
=== alpha sweep LINEAR c20 B2 overshoot1 ===
[alpha_B2] a=0.0 c=20 B2 fpr=0 A=22(dnc0.0%) B=22(dnc0.0%) pen=-1.6% pen_c=-2% CI[-2.0,-1.1] (8s)
[alpha_B2] a=0.002 c=20 B2 fpr=0 A=202(dnc61.7%) B=193(dnc1.3%) pen=+4.4% pen_c=-61% CI[+1.8,+7.7] (9s)
[alpha_B2] a=0.005 c=20 B2 fpr=0 A=187(dnc69.4%) B=122(dnc1.5%) pen=+53.0% pen_c=-60% CI[+49.0,+57.2] (10s)
[alpha_B2] a=0.01 c=20 B2 fpr=0 A=168(dnc65.1%) B=97(dnc1.1%) pen=+72.4% pen_c=-54% CI[+68.0,+77.1] (10s)
[alpha_B2] a=0.02 c=20 B2 fpr=0 A=164(dnc59.2%) B=86(dnc1.3%) pen=+91.4% pen_c=-54% CI[+87.0,+96.9] (11s)
[alpha_B2] a=0.04 c=20 B2 fpr=0 A=114(dnc47.4%) B=79(dnc1.0%) pen=+45.6% pen_c=-49% CI[+42.2,+49.4] (12s)
=== Weibull k=2 sweep base_w c20 B1 ===
[weibull_B1] a=0.0 c=20 B1 fpr=0.1 A=22(dnc0.0%) B=23(dnc0.0%) pen=-3.3% pen_c=-3% CI[-4.6,-2.0] (13s)
[weibull_B1] a=0.0 c=20 B1 fpr=0.1 A=43(dnc0.0%) B=130(dnc0.5%) pen=-67.3% pen_c=-62% CI[-69.5,-65.1] (14s)
[weibull_B1] a=0.0 c=20 B1 fpr=0.1 A=92(dnc0.4%) B=198(dnc1.4%) pen=-53.3% pen_c=-44% CI[-55.5,-51.1] (15s)
[weibull_B1] a=0.0 c=20 B1 fpr=0.1 A=178(dnc33.6%) B=184(dnc1.4%) pen=-3.1% pen_c=-33% CI[-6.5,+0.5] (16s)
=== detector noise alpha=0.02 c20 B1 ===
[detector_B1] a=0.02 c=20 B1 fpr=0.0 A=161(dnc57.4%) B=75(dnc1.4%) pen=+115.1% pen_c=-45% CI[+109.9,+119.7] (17s)
[detector_B1] a=0.02 c=20 B1 fpr=0.1 A=163(dnc57.9%) B=84(dnc0.9%) pen=+94.0% pen_c=-52% CI[+89.0,+99.0] (18s)
[detector_B1] a=0.02 c=20 B1 fpr=0.25 A=164(dnc59.3%) B=100(dnc1.3%) pen=+63.7% pen_c=-59% CI[+59.4,+68.0] (18s)
[detector_B1] a=0.02 c=20 B1 fpr=0.5 A=163(dnc58.0%) B=122(dnc1.6%) pen=+33.9% pen_c=-65% CI[+30.1,+37.3] (19s)
=== ckpt spacing alpha=0.02 B1 ===
[ckpt_B1] a=0.02 c=10 B1 fpr=0.1 A=105(dnc76.4%) B=98(dnc1.1%) pen=+7.7% pen_c=-51% CI[+5.7,+9.9] (20s)
[ckpt_B1] a=0.02 c=20 B1 fpr=0.1 A=163(dnc57.9%) B=84(dnc0.9%) pen=+94.0% pen_c=-52% CI[+89.0,+99.0] (21s)
[ckpt_B1] a=0.02 c=40 B1 fpr=0.1 A=141(dnc35.1%) B=107(dnc1.7%) pen=+32.2% pen_c=-42% CI[+29.1,+35.3] (22s)
WROTE results_corrected.csv 25 rows total 22s GATE=PASS
