MetaCode at Meta (https://fburl.com/metacode)
--dangerously-disable-osx-sandbox flag is enabled, please use caution!
Using AI Gateway (Meta Model API upstream)
[metacode] using AI inference gateway (Model API): http://metacode-modelapi.ai-gateway.x2p.facebook.net:443/v1
[0m
> build · avocado-code-latest
[0m
[0m→ [0mRead .
[0m⚙ [0mmeta_core_search_files {"pattern":"_committee_common_v001.md"}
[0m✱ [0mGlob "**/_committee_common_v001.md"[90m 0 matches[0m
[0m✱ [0mGlob "**/TOOLING_v001.md"[90m 0 matches[0m
[0m✱ [0mGlob "**/*committee*"[90m 0 matches[0m
[0m
[0m$ [0mfind /Users/dengcchi/autonomous-research-v3 -name "*committee*" -o -name "*TOOLING*" 2>/dev/null | head -20
/Users/dengcchi/autonomous-research-v3/learning/roles/committee.md
/Users/dengcchi/autonomous-research-v3/experiments/2026-06-03/EXP-0034/committee2
/Users/dengcchi/autonomous-research-v3/experiments/2026-06-03/EXP-0033/committee1
/Users/dengcchi/autonomous-research-v3/experiments/2026-06-03/EXP-0056/committee1
/Users/dengcchi/autonomous-research-v3/experiments/2026-06-03/EXP-0051/committee2
/Users/dengcchi/autonomous-research-v3/experiments/2026-06-03/EXP-0058/committee1
/Users/dengcchi/autonomous-research-v3/experiments/2026-06-03/EXP-0035/committee1
/Users/dengcchi/autonomous-research-v3/experiments/2026-06-03/EXP-0061/committee1
/Users/dengcchi/autonomous-research-v3/experiments/2026-06-03/EXP-0059/committee1
/Users/dengcchi/autonomous-research-v3/experiments/2026-06-03/EXP-0050/committee1
/Users/dengcchi/autonomous-research-v3/experiments/2026-06-03/EXP-0044/committee1
/Users/dengcchi/autonomous-research-v3/experiments/2026-06-03/EXP-0017/committee1
/Users/dengcchi/autonomous-research-v3/experiments/2026-06-03/EXP-0010/committee1
/Users/dengcchi/autonomous-research-v3/experiments/2026-06-03/EXP-0019/committee1
/Users/dengcchi/autonomous-research-v3/experiments/2026-06-03/EXP-0021/committee2
/Users/dengcchi/autonomous-research-v3/experiments/2026-06-03/EXP-0042/committee1
/Users/dengcchi/autonomous-research-v3/experiments/2026-06-03/EXP-0045/committee1
/Users/dengcchi/autonomous-research-v3/experiments/2026-06-03/EXP-0020/committee1
/Users/dengcchi/autonomous-research-v3/experiments/2026-06-03/EXP-0027/committee1
/Users/dengcchi/autonomous-research-v3/experiments/2026-06-03/EXP-0018/committee2
[0m
[0m$ [0mfind /Users/dengcchi/autonomous-research-v3 -name "TOOLING*" 2>/dev/null | head -20
[0m
[0m$ [0mfind /Users/dengcchi -name "_committee_common_v001.md" 2>/dev/null | head -5
/Users/dengcchi/autonomous-research-e2e/.research-os/prompts/committee/_committee_common_v001.md
/Users/dengcchi/research-os/prompts/committee/_committee_common_v001.md
[0m
[0m→ [0mRead ../autonomous-research-e2e/.research-os/prompts/committee/_committee_common_v001.md
