```
ROLE: theory_skeptic  VOTE: yellow

MUNDANE_EXPLANATIONS:
- R1 is a TAUTOLOGY, not a behavioral finding. With 144 lattice cells and K random in-enum members, P(OOS) = (144-K)/144 under uniform request sampling. Check: K=3 -> 141/144 = 0.979 vs reported 0.976; K=5 -> 0.965 vs 0.970; K=10 -> 0.931 vs 0.934; K=20 -> 0.861 vs 0.859; K=50 -> 0.653 vs 0.650. EXACT MATCH within seed noise. The "stream-misroute rate vs K" curve is just the OOS exposure curve, which the packet itself reports as identical (oos_fraction column = misroute column). The "kernel-INDEPENDENT geometric law" is independent precisely because it never depended on the kernel — it is a sampling identity, not a decoder property.
- R3 is TRUE BY CONSTRUCTION and the packet admits it ("validity 100pct by construction"). A schema validator over enum emissions returning 0 recall is a definition, not a measurement.
- R4 (GAD recovery = 0) is a definitional consequence of "support-removal": renormalizing a probability over a set that excludes the target cannot place mass on the target. No experiment needed; one line of probability gives this.
- R2 follows directly from softmax over distance-based logits: closer distractor -> higher logit -> higher softmax mass on the wrong action. This is generic softmax behavior, not a novel "near-miss is more dangerous" law.
- R5 follows from softmax + a fixed escape-hatch score: a concrete in-enum item whose logit grows as gap shrinks will out-compete a fixed-score 'other'. Again basic softmax algebra.

CONFOUNDS:
- "Kernel-independence" is conflated with "robustness". The K-curve is kernel-independent because the measured quantity (oos_fraction) does not reference the kernel. The actual behavioral claim "given OOS, decoder emits nearest in-enum" is forced by argmax of a monotone-in-distance kernel and cannot vary under the 6 temp x noise cells.
- The geometric 2-D lattice + Euclidean-distance kernel is the model of LM intent-routing being tested. Conclusions about "production routers" inherit every property of this kernel: monotone-in-distance logits, no learned abstention, no semantic non-convexity, no prompt-conditioned distribution shift. None of those properties are validated against real LM logit geometry.
- "Decoder confidently emits wrong action" conflates two distinct quantities — argmax stability (forced by the kernel) and softmax-temperature-scaled confidence (a knob). The "absolute confidence scales with temp" line acknowledges this but the framing still reads as a behavioral property of the decoder rather than of the temperature schedule.

ASSUMPTIONS_UNTESTED:
- Real LM logits over an enum of tool tokens follow a smooth, monotone-in-semantic-distance kernel. Plausible at first order but unverified; tokenizer artifacts, prompt-conditioning, and instruction-tuned abstention priors can break monotonicity badly.
- Out-of-set requests are uniformly distributed over [0,1]^2. Real traffic likely concentrates near anticipated tools; P(OOS) is a deployment property, not a geometric constant.
- The escape-hatch is modeled as a single in-enum token with a fixed score. Real "ASK_USER" / "other" mechanisms often involve instruction-following side-channels, refusal heads, or RLHF-trained abstention that do not behave like a fixed-logit enum member.
- No learned-decoder calibration: real instruction-tuned LMs may already place near-zero mass on grammar-valid-but-semantically-wrong tools when the prompt strongly indicates OOS intent (the "Wait that's not an option" 2409.00113 result for UNconstrained MCQ suggests the model "knows" it is OOS — the open question is whether constraining the head erases that signal, and the L0 cannot answer this).

STATISTICAL_GAPS:
- CIs are tight by construction: the underlying quantity for R1 is a binomial on oos_fraction with very low intrinsic variance; "8 seeds x 500 requests" is overkill for what is essentially a sampling identity.
- No null-model comparison. A theory_skeptic null is: "given the kernel + greedy argmax + OOS request, P(misroute)=1 deterministically; the stream rate equals P(OOS)". This null PREDICTS every R1 number to 3 decimals. There is no residual to explain.
- No sensitivity to the lattice geometry (e.g., 3-D, non-uniform request density, non-Euclidean kernel). The "sign-stable across 6 cells" claim varies only the softmax temperature and additive noise — both of which are downstream of the argmax that drives R1.
- "Sign-stable" is asserted but the R2 numbers have no per-cell CI in the packet; the gap-bin effect at temp=0.40 (0.182 -> 0.235) is small and could be within seed noise.

RATIONALE: The CONCEPTUAL claim — "hard grammar-constrained decoding over an enum induces support-removal coercion that is by definition outside both schema-validate+retry and within-support renormalization (GAD, 2405.21047)" — is correct and is the part that is not in GAD or in the abstention/MCQ literature (2409.00113 covers UNconstrained MCQ where the model retains the choice). The HONEST CAVEAT acknowledges this is a geometric proxy. My objection is sharper than the researcher's caveat: the L0 evidence is not weak-because-it-is-a-proxy, it is weak because the four headline results (R1, R3, R4, R5) are mathematical identities of the setup and one (R2) is generic softmax behavior. The numbers cannot fail to come out this way given the construction; there is no risky prediction the L0 could have falsified. The "kernel-independence is a strength" framing inverts the diagnosis: kernel-independence here is the signature of a tautology, not of a robust law. None of this kills the claim — it shifts ALL of the empirical weight onto L1. YELLOW (not RED) because (i) the support-removal -> GAD-irrecoverable argument is genuinely a clean structural point not articulated in GAD or the abstention literature; (ii) the monitorability-collapse framing is a useful safety re-cast even if it follows from definitions; (iii) the L1 (real LMs + Outlines/XGrammar on BFCL/ToolBench OOS slices) is well-specified and CAN produce a risky prediction — specifically, whether real LM logit geometry exhibits the (K, neighbor-gap, confidence) law on tool tokens, and whether instruction-tuned abstention priors blunt it. Approve advancing to L1 with the explicit understanding that the L0 establishes definitions and bounds, not behavior, and that the L1 must include (a) a non-trivial null (e.g., a real-LM abstention/refusal baseline measured without the hard grammar mask, to isolate what the mask removes) and (b) a check that real-LM logit geometry over tool tokens is actually monotone in semantic distance — without (b) the (neighbor-gap) law has no empirical anchor.
```
