```
ROLE: area_chair
FINAL_VERDICT: yellow
REVIEWER_VOTES: {novelty_killer: yellow, systems_reviewer: yellow, evaluation_prosecutor: yellow, theory_skeptic: yellow, product_realist: yellow}
FATAL_OBJECTIONS: []
REQUIRED_EVIDENCE: [
  "1. CAST-SEMANTICS DISCRIMINATOR (convergent from evaluation_prosecutor + theory_skeptic, highest priority): Run SELECT CAST(3.14 AS BIGINT) and SELECT CAST('3.14' AS BIGINT) in DuckDB 1.5.3. If both silently truncate to 3 while CAST('hello' AS BIGINT) throws, the loud-vs-silent asymmetry lives in the CAST LAYER, not the sniffer — the sniffer merely infers a type and the cast does what casts do. This would demote the finding from 'sniffer contract violation' to 'standard SQL lossy-cast composed with sample inference' and collapse the novelty to a known-hazard instance. If CAST('3.14' AS BIGINT) THROWS while the CSV path truncates silently, the sniffer is doing something the cast layer alone does not — that would UPGRADE the finding. This is the single cheapest decisive experiment and it was not run.",
  "2. AUTO_DETECT=FALSE CONTROL (theory_skeptic): read_csv with auto_detect=false and explicit dtype BIGINT on the same file. If silent truncation persists identically, the sniffer is irrelevant — the issue is DuckDB's ingestion cast path, not inference. If it behaves differently (error or NULL), the sniffer's type-commitment is load-bearing.",
  "3. STRICT-SCHEMA PEER BASELINES (evaluation_prosecutor): Polars with infer_schema_length=20480 and Apache Arrow CSV reader on the identical synthetic file. Pandas is a strawman — it uses dynamic upcasting by design. Strict-schema peers isolate whether the behavior is DuckDB-specific or inherent to the one-pass-strict-schema design family.",
  "4. L1 CORPUS PREVALENCE (all reviewers): Measure frequency of integer-early/fractional-later columns in a real CSV corpus (e.g., Kaggle datasets, government open data). 'Generic file shape' is asserted but unmeasured. Without this, operational significance is plausible but unquantified.",
  "5. NARROWING-CAST GENERALITY (theory_skeptic): Test ≥1 additional narrowing-cast pair (e.g., INTEGER sniffed from small values, BIGINT-range value appears post-sample; or DATE sniffed, TIMESTAMP appears post-sample) to determine whether the asymmetry is float-specific or general to all narrowing casts in DuckDB's sniffer.",
  "6. DOC-PROMISE TIGHTENING (theory_skeptic): The 'Reading Faulty CSV Files' quote about 'structural errors' plausibly covers dialect/column-count/row-structure, not value-domain casting. Find a doc quote that explicitly covers value-fidelity or type-cast correctness, OR reframe from 'contract violation' to 'undocumented asymmetric diagnostic behavior' — the latter is defensible without the stretched doc reading."
]
MANDATORY_BASELINES: [
  "Polars (infer_schema_length=20480, same synthetic file) — strict-schema peer, not a dynamic-typing system like pandas",
  "Apache Arrow CSV reader (block-based inference) — strict-schema peer",
  "DuckDB CAST('3.14' AS BIGINT) vs CAST('hello' AS BIGINT) — cast-layer isolation",
  "DuckDB read_csv with auto_detect=false, explicit BIGINT — sniffer-bypass control"
]
MAP_DELTA_PROPOSAL: {node: "CLAIM-0073", change: "Hold at L0-YELLOW. Do NOT advance to L1 corpus study until the CAST-semantics discriminator (required_evidence #1) and auto_detect=false control (#2) are run — these are sub-L0 probes that could collapse the claim to 'known SQL cast behavior' or upgrade it to 'sniffer-specific anomaly'. If both probes confirm the sniffer is load-bearing (cast alone doesn't truncate, or auto_detect=false behaves differently), advance to L1 with strict-schema peer baselines and corpus prevalence. If probes show cast-layer origin, converge as a well-characterized known-hazard instance (high-quality bug report, not publishable cross-area phenomenon)."}
PRIOR_ART_ADEQUATE: yes
RATIONALE: Unanimous YELLOW from all five reviewers. The L0 is clean, well-controlled, and the asymmetry (loud for strings, silent for floats) is empirically real with proper causation controls (in-sample preserves, full-scan preserves, pandas preserves). The novelty_killer's GitHub search across 6 query variants found zero collisions for the specific silent-float→int-truncation-past-sample phenomenon — adjacent issues (#15473, #10528, #11840, #6756) confirm the sniffer hazard family but none report the silent truncation arm. Prior-art search is adequate; no RED is warranted on collision grounds.

However, the committee converges on a single structural concern that blocks GREEN: the loud-vs-silent asymmetry may decompose entirely into standard SQL/C cast semantics (CAST<int64>(3.14) truncates silently in virtually every SQL engine; CAST<int64>('hello') throws) composed with a non-re-widening sample-based sniffer (a textbook design choice). If so, the "novel finding" is the predictable intersection of two individually-known, individually-unremarkable behaviors — a known-hazard instance, not a new mechanism. The evaluation_prosecutor and theory_skeptic independently identified the same decisive experiment (CAST semantics isolation) that was NOT run in L0, and this is the single cheapest probe that would either collapse or upgrade the claim. Until it runs, the novelty question is genuinely undecidable.

Secondary concerns: (a) the pandas lineage control, while directionally useful, compares a dynamic-upcasting system to a strict-schema system — this is a paradigm difference, not a DuckDB anomaly (evaluation_prosecutor). Polars/Arrow are the mandatory peer baselines. (b) The documented-promise-violation framing reads "structural errors" to cover value-cast fidelity, which the theory_skeptic credibly argues is a stretch — the doc quote is about row/column/dialect structure, not numeric precision. This framing should be tightened or honestly reframed. (c) Prevalence is asserted but unmeasured (all reviewers). The "generic file shape" claim needs L1 corpus data.

The finding is real, reproducible, and currently un-owned in the DuckDB tracker — it is at minimum a high-quality bug report with immediate user-actionable guidance (sample_size=-1 or explicit schema). Whether it rises above that to a publishable cross-area phenomenon depends entirely on the cast-semantics discriminator result and the L1 blast-radius data. Hold at YELLOW; run the sub-L0 probes before committing L1 resources. Prompt version v001.
```
