MetaCode at Meta (https://fburl.com/metacode)
--dangerously-disable-osx-sandbox flag is enabled, please use caution!
Using AI Gateway (Meta Model API upstream)
[metacode] using AI inference gateway (Model API): http://metacode-modelapi.ai-gateway.x2p.facebook.net:443/v1
[0m
> build · avocado-code-latest
[0m
[0m✗ [0mread failed
[91m[1mError: [0mFile not found: /Users/dengcchi/_committee_common_v001.md
[0m✱ [0mGlob "**/_committee_common_v001.md"[90m 0 matches[0m
[0m✗ [0mread failed
[91m[1mError: [0mFile not found: /Users/dengcchi/_shared/TOOLING_v001.md
[0m⚙ [0mmeta_core_search_files {"pattern":"_committee_common_v001.md"}
[0m⚙ [0mmeta_core_search_files {"pattern":"_committee_common","engine":"FILENAME"}
[0m
[0m$ [0mfind /Users/dengcchi -name "_committee_common_v001.md" 2>/dev/null | head -20
/Users/dengcchi/autonomous-research-e2e/.research-os/prompts/committee/_committee_common_v001.md
/Users/dengcchi/research-os/prompts/committee/_committee_common_v001.md
[0m
[0m→ [0mRead autonomous-research-e2e/.research-os/prompts/committee/_committee_common_v001.md
[0m
[0m$ [0mfind /Users/dengcchi -name "TOOLING_v001.md" 2>/dev/null | head -20
/Users/dengcchi/research-os/prompts/_shared/TOOLING_v001.md
[0m
[0m→ [0mRead research-os/prompts/_shared/TOOLING_v001.md
[0m
[0m$ [0mgh search issues --repo duckdb/duckdb "csv sniffer float int truncation" --limit 10 2>/dev/null || echo "gh not available"
gh not available
[0m
[0m⚙ [0mmeta_core_three_pai_external_web_search {"natural_language_query":"DuckDB CSV sniffer silent float to int truncation sample_size issue GitHub"}
[0m⚙ [0mmeta_core_three_pai_external_web_search {"natural_language_query":"DuckDB read_csv sample_size truncation float int silent GitHub issue"}
[0m⚙ [0mmeta_core_three_pai_external_web_search {"natural_language_query":"\"Could not convert string\" \"to INT64\" DuckDB CSV sample_size"}
[0m% [0mWebFetch https://github.com/duckdb/duckdb/issues/11398
[0m⚙ [0mmeta_core_three_pai_external_web_search {"natural_language_query":"site:github.com/duckdb/duckdb \"sample_size\" \"CSV\" truncation"}
[0m⚙ [0mmeta_core_three_pai_external_web_search {"natural_language_query":"DuckDB CSV sniffer \"silent\" truncation float"}
