```
ROLE: area_chair
FINAL_VERDICT: yellow
REVIEWER_VOTES: {novelty_killer: yellow, systems_reviewer: yellow, evaluation_prosecutor: red, theory_skeptic: yellow, product_realist: yellow}
FATAL_OBJECTIONS:
  - "evaluation_prosecutor RED is UNREBUTTED BY EVIDENCE: the experiment evaluates a purely sequential single-shard-at-a-time pipeline with NO concurrent interleave step. tf.data.Dataset.interleave(cycle_length=C), WebDataset multi-shard interleaving, and MosaicML num_canonical_nodes are the STANDARD practitioner mitigation for exactly this problem. The claim states the penalty is removed 'ONLY by B growing with run-length L' — this is overclaimed because interleaving reduces effective L without growing B. No experimental condition tests this. The RED stands unrebutted; GREEN is blocked by rule."
  - "Prior-art search was INADEQUATE: novelty_killer reports both web-search tools were permission-denied; the reservoir/online-shuffle-sampling collision check (whether a quantitative rho(B,L) derivation already exists for sliding-window-over-blocks) is UNRESOLVED. GREEN is blocked by rule until this is searched."
REQUIRED_EVIDENCE:
  - "L1 MANDATORY: interleaving experiment — add concurrent shard interleave (cycle_length C in {1,2,4,8,16}) before the bounded buffer, measure inflation(B,L,C). If inflation collapses to ~1x at small B with moderate C, the claim's 'ONLY by B growing with L' framing is falsified and must be rewritten as 'ONLY by reducing effective run-length L_eff (via interleaving or B/L scaling).' If inflation persists even with interleaving (plausible when C is small relative to L/B), the claim is strengthened. Either outcome is informative."
  - "L1 MANDATORY: real per-domain gradient correlation measurement on a real model (tiny transformer on multi-domain shards). The 0.80 within-source correlation is the load-bearing parameter; if real correlations are 0.2-0.3, the >=1.5x bar may not hold at practitioner B. theory_skeptic's demand for a sensitivity sweep over rho_within in {0.2, 0.5, 0.8} at L0 is a reasonable cheaper alternative."
  - "L1 MANDATORY: downstream convergence harm — loss-spike frequency or final-accuracy degradation at production B vs oracle full-shuffle. Without this, the contribution is 'precise measurement of an arithmetically expected effect' (theory_skeptic) with no demonstrated practical consequence."
  - "Reservoir/sliding-window-over-blocks combinatorial literature search for a prior rho(B,L) derivation. novelty_killer could not run this; it must be done before any GREEN gate."
MANDATORY_BASELINES:
  - "Concurrent shard interleaving (tf.data interleave / WebDataset multi-shard / MosaicML num_canonical_nodes) at realistic cycle_length — this is the primary competing mitigation and its absence from L0 is the evaluation_prosecutor's unrebutted RED."
  - "Per-shard-shuffle baseline (shuffle within each shard before streaming) as a denominator alternative to oracle full-shuffle — theory_skeptic correctly notes the oracle denominator is favorable."
  - "Sensitivity to rho_within: at minimum {0.2, 0.5, 0.8} to show which correlation magnitudes sustain the >=1.5x headline."
MAP_DELTA_PROPOSAL: {node: "CLAIM-0051", change: "HOLD at YELLOW/L0-HELD; do NOT advance to L1-CONFIRMATORY — advance to L1-CONTESTED. Reframe claim: replace 'ONLY by B growing with L' with 'ONLY by reducing the effective same-source run-length seen by the buffer (via B/L scaling, source interleaving, or shard pre-shuffle)' pending interleaving experiment. Add mandatory L1 conditions: (1) interleaving baseline, (2) real grad-correlation measurement or rho_within sensitivity sweep, (3) downstream convergence harm, (4) reservoir-sampling literature search. Mark pre-reg condition (iv) as PARTIAL (direction confirmed, <=1.2x threshold not met at B=10L)."}
PRIOR_ART_ADEQUATE: no
RATIONALE:
The L0 execution is honest, reproducible, and the inflation grid is real within the synthetic harness — 15.1x at the common practitioner point (B=10b, L=20b) is a striking number. The two-axis asymmetry (B-with-batch flat-high ceiling vs B-with-runlength collapse) is cleanly demonstrated and is the genuine non-textbook content. The sim-assumed-shape trap is indeed avoided: rho(B,L) is algorithmic, not distributional.

However, four independent concerns converge to block GREEN:

(1) UNREBUTTED RED — interleaving omission. The evaluation_prosecutor identifies the load-bearing gap: no competent practitioner feeds sequential same-source mega-runs into a local buffer without interleaving multiple shards. The claim's "ONLY" language is strictly falsified by the existence of interleaving (which reduces effective L without growing B). The mechanism (B/L governs inflation) likely survives — interleaving works precisely BECAUSE it reduces the L that the buffer sees — but the claim as stated overclaims, and no experimental condition tests the primary competing mitigation. This alone blocks GREEN.

(2) INADEQUATE PRIOR-ART SEARCH. novelty_killer transparently reports tools were denied. The reservoir/sliding-window combinatorial literature is the most plausible collision surface for rho(B,L) and is unsearched. The qualitative takeaway ("buffer must scale with data structure, not batch") is already documented in >=2 independent systems sources (tf.data docs, WebDataset/MosaicML docs) per both novelty_killer and systems_reviewer. The novel surface is narrower than claimed: quantifying + sharpening documented folklore, not discovering a new phenomenon.

(3) THEORY CONCERNS — near-tautology. theory_skeptic's observation that b does not enter the buffer's mixing dynamics (only B and L do) means the "B/L not B/b" axis result is geometrically forced once stated. The ceiling is arithmetic (when L>>B the buffer literally cannot contain a second source for the first L-B items). The contribution's theoretical surprise is low; its value is empirical precision on a known-in-principle effect.

(4) NO DOWNSTREAM EVIDENCE. All four YELLOW reviewers and the RED reviewer converge: variance inflation in synthetic gradients does not establish convergence harm. Momentum, adaptive learning rates, and gradient accumulation may absorb transient correlation-driven variance. Without loss-spike or accuracy data, the 15.1x headline is an intermediate quantity of unknown practical consequence.

The claim is not killed — the mechanism is real, the L0 is well-executed, and the B/L provisioning insight has genuine systems value IF it survives L1. But it advances as L1-CONTESTED (requiring the interleaving experiment to resolve the RED, plus real gradient correlations and downstream harm) rather than L1-CONFIRMATORY (the packet's self-assessment). The claim must also be reframed: the actionable takeaway is "reduce effective run-length seen by the buffer" (via interleaving, shard pre-shuffle, OR B scaling) — not "grow B to L," which is memory-infeasible when L is a full shard.
```
