```
ROLE: area_chair
FINAL_VERDICT: red
REVIEWER_VOTES: {novelty_killer: red, systems_reviewer: yellow, evaluation_prosecutor: yellow, theory_skeptic: yellow, product_realist: yellow}
FATAL_OBJECTIONS: [
  "The CONFIRMED half ('low reverse-kNN in-degree → elevated per-item FN, density-independent') collides with foundational anti-hub theory (Radovanović, Nanopoulos & Ivanović 2010, JMLR 11:2487–2531) which defines N_k = reverse-kNN count, establishes anti-hubs (low N_k) as systematically under-retrieved, and shows hubness is NOT a density artifact. This is the core content of the surviving claim, restated for a graph-ANN context. NOT CITED in the packet. Collision confirmed by ≥2 independent sources (Radovanović 2010 + Schnitzer et al. 2012 JMLR; reinforced by the packet's own 2412.01940). The novelty_killer's RED is unrebutted by any other reviewer's evidence — the theory_skeptic independently identifies the same hubness collision.",
  "The NOVEL half ('a STABLE SUBSET of vectors') FAILED its own pre-registered threshold: stability Spearman 0.134 < 0.30, dropping to 0.079 at denom>=5. This is a clean, honest negative by the experiment's own locked criteria. What survived is the part most anticipated by prior art; what died is the part that would have been new.",
  "The potential mechanism delta — built-graph in-degree (shaped by RNG pruning + insertion order) vs the data's true reverse-kNN count N_k — was NEVER MEASURED. In a single-flat-layer NSW at N=4000 these are expected to be tightly coupled. Without this measurement, the predictor is not shown to be distinct from the classical hubness predictor (novelty_killer). The mechanism delta is asserted, not demonstrated.",
  "Prior-art search was INADEQUATE: the packet omits the foundational hubness literature entirely (Radovanović 2010, Schnitzer 2012) and argues novelty only against narrower, recent works (2510.22316, 2405.17813, 2412.01940), overstating the gap. Per area chair rules, GREEN is blocked when prior-art search is inadequate."
]
REQUIRED_EVIDENCE: [
  "Explicit measurement of correlation between built-graph in-degree and data-level reverse-kNN count N_k, and demonstration that the RESIDUAL (built-graph in-degree after partialling out data N_k) still predicts per-item FN — this is the only viable novelty delta over Radovanović 2010",
  "Degree-preserving random-graph null (rewire edges preserving degree sequence): if partial Spearman(in-degree, miss | density) survives at comparable magnitude under rewiring, the effect is trivial reachability arithmetic on any sparse directed graph, not a topological signature (theory_skeptic)",
  "Partial correlation controlling for denom/exposure (not just density) — items with low in-degree have smaller denom by construction, creating systematic rate-estimator confounds (theory_skeptic)",
  "ef_search sensitivity curve over ef ∈ {10, 16, 24, 32}: does the law's slope collapse as search width increases? If so, it is a search-width artifact, not a structural property (theory_skeptic)",
  "Production multi-layer HNSW (Faiss/hnswlib) on high-intrinsic-dim real embeddings (SIFT1M d=128 minimum) — the L0 regime (d=12, N=4000, flat single-layer) is where hubness is known to be WEAK (evaluation_prosecutor, systems_reviewer)"
]
MANDATORY_BASELINES: [
  "Radovanović 2010 data-level N_k (reverse-kNN count) as the INCUMBENT predictor of per-item retrievability — the claim must show built-graph in-degree adds predictive power BEYOND N_k, not merely replicates it in a graph context",
  "Schnitzer et al. 2012 mutual-proximity / local-scaling hub-reduction as the INCUMBENT repair — the proposed 'add reverse edges to low-in-degree items' must be compared against this established technique",
  "ef_search widening as the trivial operational baseline for tail-recall improvement (evaluation_prosecutor) — repair must beat the latency/recall Pareto frontier of simply increasing ef",
  "Degree-preserving edge-rewired null graph matched on |E| and degree sequence (theory_skeptic) — to separate 'topological role in THIS graph' from 'any sparse directed graph with this degree distribution'"
]
MAP_DELTA_PROPOSAL: {node: "CLAIM-0046", change: "status -> KILLED (red). Prior-art collision with foundational hubness/anti-hub literature (Radovanović 2010, Schnitzer 2012) was undetected; confirmed half restates anti-hub retrievability deficit for graph-ANN without citing or benchmarking against the incumbent. Novel half (stable subset) failed pre-registered threshold. Direction is not dead but claim must be REFORMULATED: re-scope to 'built-graph in-degree RESIDUAL over data reverse-kNN count N_k predicts traversal-reachability FN in high-intrinsic-dim production HNSW' — a different, not-yet-run claim. Converge PROJ-0016 or resubmit reformulated claim as a new CLAIM number."}
PRIOR_ART_ADEQUATE: no
RATIONALE: Four YELLOWs and one RED. I weigh by EVIDENCE, not vote count, and the novelty_killer's RED is the strongest-evidenced vote in this committee. The critical finding: the packet's prior-art delta entirely omits the foundational hubness literature (Radovanović et al. 2010 JMLR — 'Hubs in Space'; Schnitzer et al. 2012 JMLR — hub-reduction repair). Anti-hub theory already establishes that items with low reverse-kNN count (= low N_k = exactly the packet's 'reverse-kNN in-degree') are systematically under-retrieved, and that this is NOT a density artifact but a concentration-of-distances phenomenon. The confirmed half of CLAIM-0046 ('low in-degree → higher per-item FN, density-independent, a population law') restates the anti-hub retrievability deficit for greedy graph-ANN traversal without citing, benchmarking against, or isolating its delta from this foundational work. The one viable mechanism delta — that BUILT-GRAPH in-degree (shaped by RNG pruning + insertion order) predicts traversal-reachability FN BEYOND the data's intrinsic N_k — was never measured. In a flat single-layer NSW at N=4000 d=12, built-graph in-degree and data N_k are expected to be tightly coupled, so the delta is asserted but undemonstrated. Meanwhile, the genuinely novel half of the claim ('a STABLE SUBSET of vectors are blind spots') — which would have been new territory beyond hubness — failed its own pre-registered threshold (stability Spearman 0.134 < 0.30, 0.079 at denom≥5). This is a clean, honest negative that the packet commendably reports. The theory_skeptic independently corroborates the hubness collision AND raises additional unrebutted concerns: no degree-preserving null (the effect may be trivial reachability arithmetic on any sparse directed graph), no denom/exposure partial (systematic rate-estimator confound), no ef sensitivity curve (possible search-width artifact). The evaluation_prosecutor and systems_reviewer correctly flag that the L0 regime (d=12, N=4000, flat Python NSW, ef=k=10) is a toy setting where hubness is minimal — the very regime where the delta vs prior art is hardest to demonstrate. The product_realist notes the practical payoff is nil: blind-spot identity reshuffles per build, blocking per-item repair lists, and no repair payoff was measured. I give the packet full credit for honest reporting, clean pre-registration, anti-circularity, and a transparent negative on the stability half. These are marks of good science. But good methodology does not override a prior-art collision: the confirmed contribution, judged ON ITS OWN as the packet asks, is not novel relative to the hubness literature. RED. Not KILL — the direction has a coherent revival path: reformulate around the built-graph in-degree RESIDUAL over data N_k, test on high-intrinsic-dim production HNSW where hubness is strong and the graph-specific delta (if real) should be most visible, and determine whether blind-spot identity stabilizes under multi-layer routing. But that is a different, not-yet-run claim requiring a new CLAIM number if pursued.
```
