ROLE: theory_skeptic  VOTE: yellow
MUNDANE_EXPLANATIONS: [
  "Hubness / concentration of measure (Radovanović et al. 2010, JMLR 'Hubs in Space') already predicts that in high-d-ish data a small subset of points have anomalously high reverse-kNN in-degree and a complementary subset have ~zero in-degree; an item with reverse-kNN in-degree ~1 is almost by definition rarely in any query's top-k neighborhood, so calling it a 'blind spot' partly tautologizes the predictor with the outcome. Need to demonstrate the effect is ABOVE the trivial denom-rescaling baseline.",
  "Greedy best-first on an RNG-pruned graph with ef_search=k=10 has near-zero search width: misses are dominated by 'never entered the candidate's local pocket', which is mechanically more likely for items with few incoming edges. This is expected graph-reachability arithmetic, not an emergent phenomenon — basic percolation on a sparse directed graph predicts exactly this monotone relation between in-degree and reachability from a random entry.",
  "Effect size |rho|~0.15 with b_in-degree=-0.0495 (z-scaled) is small; at n=1303 even mundane mechanical couplings reach significance. 'Significant' ≠ 'mechanism beyond what trivial reachability predicts'."
]
CONFOUNDS: [
  "Denom/exposure coupling: items with low reverse-kNN in-degree are in the true top-k of fewer queries (smaller denom). Even with denom>=2 filter, miss-RATE estimator variance and ceiling effects differ systematically by denom; the denom>=5 diagnostic (stability dropping to 0.079) hints exposure structure matters, but the partial correlation was NOT shown to be partialled on denom, only on density.",
  "Entry-point selection: single-layer flat NSW with a fixed/random entry point makes reachability strongly entry-dependent; in-degree is a proxy for 'distance in graph hops from typical entry', which is itself partly a query-distribution artifact. Not controlled.",
  "RNG-prune is angular/diversity-based; clusters with smaller sigma produce more redundant candidates that get pruned, systematically lowering in-degree for tight-cluster members. Even though linear density partial is ~orthogonal (-0.032), non-linear cluster-membership confound is untested.",
  "Reverse-kNN in-degree is computed at k_build=M-ish neighborhood, miss rate is at k=10 query — these k's overlap mechanically (an item with no one within its k-neighborhood is unlikely to be in others' top-10)."
]
ASSUMPTIONS_UNTESTED: [
  "That ef_search=k=10 is 'minimal honest' rather than a regime where the law is trivially mechanical; no sensitivity curve over ef in {10,16,24} reported in this packet — the law's slope vs ef would tell us whether it's a search-width artifact.",
  "That a single-layer flat NSW at N=4000 d=12 has anything to say about multi-layer HNSW at scale — the packet itself flags this for L1 but the current claim of a 'LAW' is being made at a regime where the mechanism may not generalize.",
  "That GMM with K=8 fixed mixture is a fair stress; intrinsic dim is low (~d=12 effective), so hubness is weak and the in-degree distribution may be qualitatively different from the d=128+ regime where the law would actually matter.",
  "Predictor independence from oracle: in-degree is computed on graph built from same DB used for GT; while query-independent, it is not DATA-independent of the GT structure."
]
STATISTICAL_GAPS: [
  "No null/baseline comparison: what is partial Spearman(in-degree, miss | density) under a degree-preserving edge rewiring or an Erdős–Rényi graph matched on |E|? Without this null, we cannot say -0.152 is 'topological role' vs 'any sparse directed graph would do this'.",
  "Partial correlation controlled density only. Should also partial on (a) denom/exposure, (b) distance to entry point, (c) cluster-membership categorical. The cleanness of the result rests on density being the only confound considered.",
  "Stability metric: pairwise Spearman mean 0.134 reported as a point estimate with no CI; pairwise range -0.03..0.36 is wide. The pre-registered threshold 0.30 fails decisively at denom>=5 (0.079) — this is a clean negative on the stable-subset half and should be reported with a CI, not just a mean.",
  "Multiple-comparison/bin selection: 4 density quartile slopes reported as 'all negative' but no joint test; with mean ~-0.16 a single negative could easily be observed by chance under weak global signal.",
  "Bootstrap CIs on partial correlation: method unspecified (residual bootstrap? case bootstrap?). For partial Spearman both matter."
]
RATIONALE: The population-law half (in-degree → per-item FN, density-independent) is real in the data but the packet has not separated it from two mundane explanations: (1) trivial directed-graph reachability arithmetic (low in-degree ≈ low reachability from any entry, which is what greedy ef=k search measures — a degree-preserving null is the obvious missing control), and (2) the well-known hubness literature (Radovanović 2010; Aumüller/Ceccarello on retrievability) which already predicts a low-reverse-kNN tail of poorly-retrieved items. The honest stability negative (0.134 < 0.30, dropping to 0.079 at denom>=5) genuinely guts the 'stable subset of vectors' framing — the claim's own falsification criterion failed. What survives is a small-effect (|rho|~0.15) statement about populations in a toy regime (N=4000, d=12, flat single-layer NSW, ef=k) where the mechanism is most likely just graph-reachability arithmetic, not a novel topological signature. YELLOW (not RED) because the density-orthogonality result is non-trivial and the negative-half is reported honestly; would flip GREEN only with a degree-preserving null + denom-partial + ef sensitivity curve, or flip RED if those nulls eat the effect at L1.
