Collecting datasets
  Using cached datasets-4.8.5-py3-none-any.whl.metadata (19 kB)
Collecting pyarrow
  Using cached pyarrow-24.0.0-cp312-cp312-macosx_12_0_arm64.whl.metadata (3.0 kB)
Collecting numpy
  Using cached numpy-2.4.6-cp312-cp312-macosx_14_0_arm64.whl.metadata (6.6 kB)
Collecting filelock (from datasets)
  Using cached filelock-3.29.1-py3-none-any.whl.metadata (2.0 kB)
Collecting dill<0.4.2,>=0.3.0 (from datasets)
  Using cached dill-0.4.1-py3-none-any.whl.metadata (10 kB)
Collecting pandas (from datasets)
  Using cached pandas-3.0.3-cp312-cp312-macosx_11_0_arm64.whl.metadata (79 kB)
Collecting requests>=2.32.2 (from datasets)
  Using cached requests-2.34.2-py3-none-any.whl.metadata (4.8 kB)
Collecting httpx<1.0.0 (from datasets)
  Using cached httpx-0.28.1-py3-none-any.whl.metadata (7.1 kB)
Collecting tqdm>=4.66.3 (from datasets)
  Using cached tqdm-4.67.3-py3-none-any.whl.metadata (57 kB)
Collecting xxhash (from datasets)
  Using cached xxhash-3.7.0-cp312-cp312-macosx_11_0_arm64.whl.metadata (13 kB)
Collecting multiprocess<0.70.20 (from datasets)
  Using cached multiprocess-0.70.19-py312-none-any.whl.metadata (7.5 kB)
Collecting fsspec<=2026.2.0,>=2023.1.0 (from fsspec[http]<=2026.2.0,>=2023.1.0->datasets)
  Using cached fsspec-2026.2.0-py3-none-any.whl.metadata (10 kB)
Collecting huggingface-hub<2.0,>=0.25.0 (from datasets)
  Using cached huggingface_hub-1.17.0-py3-none-any.whl.metadata (14 kB)
Collecting packaging (from datasets)
  Using cached packaging-26.2-py3-none-any.whl.metadata (3.5 kB)
Collecting pyyaml>=5.1 (from datasets)
  Using cached pyyaml-6.0.3-cp312-cp312-macosx_11_0_arm64.whl.metadata (2.4 kB)
Collecting aiohttp!=4.0.0a0,!=4.0.0a1 (from fsspec[http]<=2026.2.0,>=2023.1.0->datasets)
  Using cached aiohttp-3.14.0-cp312-cp312-macosx_11_0_arm64.whl.metadata (8.3 kB)
Collecting anyio (from httpx<1.0.0->datasets)
  Using cached anyio-4.13.0-py3-none-any.whl.metadata (4.5 kB)
Collecting certifi (from httpx<1.0.0->datasets)
  Using cached certifi-2026.5.20-py3-none-any.whl.metadata (2.5 kB)
Collecting httpcore==1.* (from httpx<1.0.0->datasets)
  Using cached httpcore-1.0.9-py3-none-any.whl.metadata (21 kB)
Collecting idna (from httpx<1.0.0->datasets)
  Using cached idna-3.18-py3-none-any.whl.metadata (6.1 kB)
Collecting h11>=0.16 (from httpcore==1.*->httpx<1.0.0->datasets)
  Using cached h11-0.16.0-py3-none-any.whl.metadata (8.3 kB)
Collecting click>=8.4.0 (from huggingface-hub<2.0,>=0.25.0->datasets)
  Using cached click-8.4.1-py3-none-any.whl.metadata (2.6 kB)
Collecting hf-xet<2.0.0,>=1.4.3 (from huggingface-hub<2.0,>=0.25.0->datasets)
  Using cached hf_xet-1.5.0-cp37-abi3-macosx_11_0_arm64.whl.metadata (4.9 kB)
Collecting typer<0.26.0,>=0.20.0 (from huggingface-hub<2.0,>=0.25.0->datasets)
  Using cached typer-0.25.1-py3-none-any.whl.metadata (15 kB)
Collecting typing-extensions>=4.1.0 (from huggingface-hub<2.0,>=0.25.0->datasets)
  Using cached typing_extensions-4.15.0-py3-none-any.whl.metadata (3.3 kB)
Collecting charset_normalizer<4,>=2 (from requests>=2.32.2->datasets)
  Using cached charset_normalizer-3.4.7-cp312-cp312-macosx_10_13_universal2.whl.metadata (40 kB)
Collecting urllib3<3,>=1.26 (from requests>=2.32.2->datasets)
  Using cached urllib3-2.7.0-py3-none-any.whl.metadata (6.9 kB)
Collecting python-dateutil>=2.8.2 (from pandas->datasets)
  Using cached python_dateutil-2.9.0.post0-py2.py3-none-any.whl.metadata (8.4 kB)
Collecting aiohappyeyeballs>=2.5.0 (from aiohttp!=4.0.0a0,!=4.0.0a1->fsspec[http]<=2026.2.0,>=2023.1.0->datasets)
  Using cached aiohappyeyeballs-2.6.2-py3-none-any.whl.metadata (5.9 kB)
Collecting aiosignal>=1.4.0 (from aiohttp!=4.0.0a0,!=4.0.0a1->fsspec[http]<=2026.2.0,>=2023.1.0->datasets)
  Using cached aiosignal-1.4.0-py3-none-any.whl.metadata (3.7 kB)
Collecting attrs>=17.3.0 (from aiohttp!=4.0.0a0,!=4.0.0a1->fsspec[http]<=2026.2.0,>=2023.1.0->datasets)
  Using cached attrs-26.1.0-py3-none-any.whl.metadata (8.8 kB)
Collecting frozenlist>=1.1.1 (from aiohttp!=4.0.0a0,!=4.0.0a1->fsspec[http]<=2026.2.0,>=2023.1.0->datasets)
  Using cached frozenlist-1.8.0-cp312-cp312-macosx_11_0_arm64.whl.metadata (20 kB)
Collecting multidict<7.0,>=4.5 (from aiohttp!=4.0.0a0,!=4.0.0a1->fsspec[http]<=2026.2.0,>=2023.1.0->datasets)
  Using cached multidict-6.7.1-cp312-cp312-macosx_11_0_arm64.whl.metadata (5.3 kB)
Collecting propcache>=0.2.0 (from aiohttp!=4.0.0a0,!=4.0.0a1->fsspec[http]<=2026.2.0,>=2023.1.0->datasets)
  Using cached propcache-0.5.2-cp312-cp312-macosx_11_0_arm64.whl.metadata (16 kB)
Collecting yarl<2.0,>=1.17.0 (from aiohttp!=4.0.0a0,!=4.0.0a1->fsspec[http]<=2026.2.0,>=2023.1.0->datasets)
  Using cached yarl-1.24.2-cp312-cp312-macosx_11_0_arm64.whl.metadata (94 kB)
Collecting six>=1.5 (from python-dateutil>=2.8.2->pandas->datasets)
  Using cached six-1.17.0-py2.py3-none-any.whl.metadata (1.7 kB)
Collecting shellingham>=1.3.0 (from typer<0.26.0,>=0.20.0->huggingface-hub<2.0,>=0.25.0->datasets)
  Using cached shellingham-1.5.4-py2.py3-none-any.whl.metadata (3.5 kB)
Collecting rich>=13.8.0 (from typer<0.26.0,>=0.20.0->huggingface-hub<2.0,>=0.25.0->datasets)
  Using cached rich-15.0.0-py3-none-any.whl.metadata (18 kB)
Collecting annotated-doc>=0.0.2 (from typer<0.26.0,>=0.20.0->huggingface-hub<2.0,>=0.25.0->datasets)
  Using cached annotated_doc-0.0.4-py3-none-any.whl.metadata (6.6 kB)
Collecting markdown-it-py>=2.2.0 (from rich>=13.8.0->typer<0.26.0,>=0.20.0->huggingface-hub<2.0,>=0.25.0->datasets)
  Using cached markdown_it_py-4.2.0-py3-none-any.whl.metadata (7.4 kB)
Collecting pygments<3.0.0,>=2.13.0 (from rich>=13.8.0->typer<0.26.0,>=0.20.0->huggingface-hub<2.0,>=0.25.0->datasets)
  Using cached pygments-2.20.0-py3-none-any.whl.metadata (2.5 kB)
Collecting mdurl~=0.1 (from markdown-it-py>=2.2.0->rich>=13.8.0->typer<0.26.0,>=0.20.0->huggingface-hub<2.0,>=0.25.0->datasets)
  Using cached mdurl-0.1.2-py3-none-any.whl.metadata (1.6 kB)
Using cached datasets-4.8.5-py3-none-any.whl (528 kB)
Using cached pyarrow-24.0.0-cp312-cp312-macosx_12_0_arm64.whl (35.0 MB)
Using cached numpy-2.4.6-cp312-cp312-macosx_14_0_arm64.whl (5.2 MB)
Using cached dill-0.4.1-py3-none-any.whl (120 kB)
Using cached fsspec-2026.2.0-py3-none-any.whl (202 kB)
Using cached httpx-0.28.1-py3-none-any.whl (73 kB)
Using cached httpcore-1.0.9-py3-none-any.whl (78 kB)
Using cached huggingface_hub-1.17.0-py3-none-any.whl (671 kB)
Using cached filelock-3.29.1-py3-none-any.whl (40 kB)
Using cached multiprocess-0.70.19-py312-none-any.whl (150 kB)
Using cached packaging-26.2-py3-none-any.whl (100 kB)
Using cached pyyaml-6.0.3-cp312-cp312-macosx_11_0_arm64.whl (173 kB)
Using cached requests-2.34.2-py3-none-any.whl (73 kB)
Using cached tqdm-4.67.3-py3-none-any.whl (78 kB)
Using cached pandas-3.0.3-cp312-cp312-macosx_11_0_arm64.whl (9.9 MB)
Using cached xxhash-3.7.0-cp312-cp312-macosx_11_0_arm64.whl (30 kB)
Using cached aiohttp-3.14.0-cp312-cp312-macosx_11_0_arm64.whl (507 kB)
Using cached certifi-2026.5.20-py3-none-any.whl (134 kB)
Using cached charset_normalizer-3.4.7-cp312-cp312-macosx_10_13_universal2.whl (311 kB)
Using cached click-8.4.1-py3-none-any.whl (116 kB)
Using cached hf_xet-1.5.0-cp37-abi3-macosx_11_0_arm64.whl (3.8 MB)
Using cached idna-3.18-py3-none-any.whl (65 kB)
Using cached python_dateutil-2.9.0.post0-py2.py3-none-any.whl (229 kB)
Using cached typer-0.25.1-py3-none-any.whl (58 kB)
Using cached typing_extensions-4.15.0-py3-none-any.whl (44 kB)
Using cached urllib3-2.7.0-py3-none-any.whl (131 kB)
Using cached anyio-4.13.0-py3-none-any.whl (114 kB)
Using cached aiohappyeyeballs-2.6.2-py3-none-any.whl (15 kB)
Using cached aiosignal-1.4.0-py3-none-any.whl (7.5 kB)
Using cached annotated_doc-0.0.4-py3-none-any.whl (5.3 kB)
Using cached attrs-26.1.0-py3-none-any.whl (67 kB)
Using cached frozenlist-1.8.0-cp312-cp312-macosx_11_0_arm64.whl (50 kB)
Using cached h11-0.16.0-py3-none-any.whl (37 kB)
Using cached multidict-6.7.1-cp312-cp312-macosx_11_0_arm64.whl (43 kB)
Using cached propcache-0.5.2-cp312-cp312-macosx_11_0_arm64.whl (55 kB)
Using cached rich-15.0.0-py3-none-any.whl (310 kB)
Using cached shellingham-1.5.4-py2.py3-none-any.whl (9.8 kB)
Using cached six-1.17.0-py2.py3-none-any.whl (11 kB)
Using cached yarl-1.24.2-cp312-cp312-macosx_11_0_arm64.whl (91 kB)
Using cached markdown_it_py-4.2.0-py3-none-any.whl (91 kB)
Using cached pygments-2.20.0-py3-none-any.whl (1.2 MB)
Using cached mdurl-0.1.2-py3-none-any.whl (10.0 kB)
Installing collected packages: xxhash, urllib3, typing-extensions, tqdm, six, shellingham, pyyaml, pygments, pyarrow, propcache, packaging, numpy, multidict, mdurl, idna, hf-xet, h11, fsspec, frozenlist, filelock, dill, click, charset_normalizer, certifi, attrs, annotated-doc, aiohappyeyeballs, yarl, requests, python-dateutil, multiprocess, markdown-it-py, httpcore, anyio, aiosignal, rich, pandas, httpx, aiohttp, typer, huggingface-hub, datasets
