MetaCode at Meta (https://fburl.com/metacode)
--dangerously-disable-osx-sandbox flag is enabled, please use caution!
[0m
> build · avocado-code-latest
[0m
[0m✗ [0mread failed
[91m[1mError: [0mFile not found: /Users/dengcchi/autonomous-research-v3/_committee_common_v001.md
[0m⚙ [0mmeta_core_search_files {"pattern":"_committee_common_v001"}
[0m✱ [0mGlob "**/_committee_common_v001.md"[90m 0 matches[0m
[0m→ [0mRead .
[0m✱ [0mGlob "**/TOOLING_v001.md"[90m 0 matches[0m
[0m✱ [0mGlob "**/_shared/**"[90m 0 matches[0m
[0m✱ [0mGlob "**/prompts/**"[90m 0 matches[0m
[0m
[0m$ [0mfind /Users/dengcchi/autonomous-research-v3 -name "*committee*" -o -name "*TOOLING*" 2>/dev/null | head -20
/Users/dengcchi/autonomous-research-v3/learning/roles/committee.md
/Users/dengcchi/autonomous-research-v3/experiments/2026-06-03/EXP-0034/committee2
/Users/dengcchi/autonomous-research-v3/experiments/2026-06-03/EXP-0033/committee1
/Users/dengcchi/autonomous-research-v3/experiments/2026-06-03/EXP-0035/committee1
/Users/dengcchi/autonomous-research-v3/experiments/2026-06-03/EXP-0017/committee1
/Users/dengcchi/autonomous-research-v3/experiments/2026-06-03/EXP-0010/committee1
/Users/dengcchi/autonomous-research-v3/experiments/2026-06-03/EXP-0019/committee1
/Users/dengcchi/autonomous-research-v3/experiments/2026-06-03/EXP-0021/committee2
/Users/dengcchi/autonomous-research-v3/experiments/2026-06-03/EXP-0020/committee1
/Users/dengcchi/autonomous-research-v3/experiments/2026-06-03/EXP-0027/committee1
/Users/dengcchi/autonomous-research-v3/experiments/2026-06-03/EXP-0018/committee2
/Users/dengcchi/autonomous-research-v3/experiments/2026-06-03/EXP-0011/committee1
/Users/dengcchi/autonomous-research-v3/experiments/2026-06-03/EXP-0016/committee2
/Users/dengcchi/autonomous-research-v3/experiments/2026-06-03/EXP-0029/committee1
/Users/dengcchi/autonomous-research-v3/experiments/2026-06-03/EXP-0037/committee1
/Users/dengcchi/autonomous-research-v3/experiments/2026-06-03/EXP-0007/committee1
/Users/dengcchi/autonomous-research-v3/experiments/2026-06-03/EXP-0009/committee1
/Users/dengcchi/autonomous-research-v3/experiments/2026-06-03/EXP-0036/committee1
/Users/dengcchi/autonomous-research-v3/experiments/2026-06-03/EXP-0013/committee2
/Users/dengcchi/autonomous-research-v3/experiments/2026-06-03/EXP-0014/committee1
[0m
[0m→ [0mRead experiments/2026-06-03/EXP-0037
[0m
[0m$ [0mfind /Users/dengcchi -name "_committee_common_v001.md" 2>/dev/null | head -5
/Users/dengcchi/autonomous-research-e2e/.research-os/prompts/committee/_committee_common_v001.md
/Users/dengcchi/research-os/prompts/committee/_committee_common_v001.md
[0m
[0m→ [0mRead ../autonomous-research-e2e/.research-os/prompts/committee/_committee_common_v001.md
[0m
[0m$ [0mfind /Users/dengcchi -name "TOOLING_v001.md" 2>/dev/null | head -5
/Users/dengcchi/research-os/prompts/_shared/TOOLING_v001.md
[0m
[0m→ [0mRead ../research-os/prompts/_shared/TOOLING_v001.md
