MetaCode at Meta (https://fburl.com/metacode)
--dangerously-disable-osx-sandbox flag is enabled, please use caution!
[0m
> build · avocado-code-latest
[0m
[0m✱ [0mGlob "**/_committee_common_v001.md"[90m 0 matches[0m
[0m✱ [0mGlob "**/TOOLING_v001.md"[90m 0 matches[0m
[0m✱ [0mGlob "**/*committee*"[90m 0 matches[0m
[0m→ [0mRead .
[0m⚙ [0mmeta_core_search_files {"pattern":"_committee_common_v001.md"}
[0m⚙ [0mmeta_core_search_files {"pattern":"committee_common"}
[0m
[0m$ [0mfind /Users/dengcchi/autonomous-research-v3 -name "*committee*" -o -name "*TOOLING*" 2>/dev/null | head -20
/Users/dengcchi/autonomous-research-v3/learning/roles/committee.md
/Users/dengcchi/autonomous-research-v3/experiments/2026-06-03/EXP-0010/committee1
/Users/dengcchi/autonomous-research-v3/experiments/2026-06-03/EXP-0007/committee1
/Users/dengcchi/autonomous-research-v3/experiments/2026-06-03/EXP-0009/committee1
/Users/dengcchi/autonomous-research-v3/experiments/2026-06-02/EXP-0005/committee1
/Users/dengcchi/autonomous-research-v3/experiments/2026-06-02/EXP-0002/committee1
/Users/dengcchi/autonomous-research-v3/experiments/2026-06-02/EXP-0004/committee1
/Users/dengcchi/autonomous-research-v3/experiments/2026-06-02/EXP-0001/committee1
/Users/dengcchi/autonomous-research-v3/experiments/2026-06-02/EXP-0006/committee1
/Users/dengcchi/autonomous-research-v3/runtime/orchestrator/committee_queue.yaml
/Users/dengcchi/autonomous-research-v3/runtime/cron/committee_health.log
/Users/dengcchi/autonomous-research-v3/runtime/cron/committee_health.alive
[0m
[0m$ [0mfind /Users/dengcchi/autonomous-research-v3 -name "_committee_common_v001.md" -o -name "TOOLING_v001.md" 2>/dev/null
[0m
[0m$ [0mfind /Users/dengcchi -name "_committee_common_v001.md" 2>/dev/null | head -5
/Users/dengcchi/autonomous-research-e2e/.research-os/prompts/committee/_committee_common_v001.md
/Users/dengcchi/research-os/prompts/committee/_committee_common_v001.md
[0m
[0m$ [0mfind /Users/dengcchi -name "TOOLING_v001.md" 2>/dev/null | head -5
/Users/dengcchi/research-os/prompts/_shared/TOOLING_v001.md
[0m
[0m→ [0mRead ../research-os/prompts/committee/_committee_common_v001.md
[0m→ [0mRead ../research-os/prompts/_shared/TOOLING_v001.md
