```
ROLE: theory_skeptic  VOTE: yellow
MUNDANE_EXPLANATIONS:
- The +9.37pp gap is the textbook "missing instruction prefix" effect (E5/Wang2022, Instructor/TART). Magnitude is unsurprising: asymmetric-prompt models are TRAINED with the query prefix in-distribution; omitting it shifts the query embedding off-manifold relative to docs. The size of the gap is a predictable function of how heavily the model leaned on the prefix during contrastive training — NOT an emergent or surprising phenomenon. The theoretical novelty therefore rests entirely on the *seam* (artifact-self-describes vs wrapper-discards), not on the *effect size*.
- The alias-break control (C ~ B) is consistent with the trained-prefix story: docs were trained without a prefix, so adding one to docs is roughly a no-op at this scale; queries were trained WITH the prefix, so removing it hurts. This is exactly what the prefix-asymmetry literature predicts — it confirms the mechanism is "the model is doing what it was trained to do," not a new phenomenon.
- e5-small-v2 "vanishing" is also expected: it ships empty prompts in config because its required prefixes ("query: " / "passage: ") are documented OUT-OF-BAND in the model card and were never migrated into config_sentence_transformers.json. So e5 is not a clean "empty-prompt model" — it is a "prompt-required model whose artifact ALSO discards its own contract." The CIF result is therefore narrower than framed: it shows the seam matters when the artifact is populated, not that empty-artifact models are intrinsically safe.

CONFOUNDS:
- BEIR/SciFact only (n=300 queries, 5183 docs). Single-domain, small-corpus; effect size on this dataset is not necessarily representative. No cross-dataset variance reported.
- Single model in the positive arm (arctic-embed-s). N=1 on the load-bearing condition; cannot separate "arctic happens to be prefix-sensitive" from "all self-describing-artifact models exhibit this."
- "Exact cosine NN" — bypasses the actual vector DB (HNSW/IVF) path. The claim is about *production DB wrappers*, but the measurement is offline. ANN recall loss could swamp or compress the 9pp gap in situ; the seam-being-open in code does not establish that the end-to-end production number IS the A-number.
- Reproduction drift (R@1 rel gain 32% -> 19.6%) is large for a "clean" effect. Honest to report, but indicates the per-query distribution is heavy-tailed and the point estimate is less stable than the CI suggests.

ASSUMPTIONS_UNTESTED:
- That a "competent user" deliberately picks a self-describing model AND uses the default wrapper path AND does not read the model card. The behavioral premise (the seam SURVIVES competent use) is asserted, not measured. No survey/telemetry of actual prod usage.
- That ST v3+ encode_query/encode_document auto-application is what users invoke when going through DB wrappers. Verified that wrappers call .encode() not .encode_query() — but not tested whether ST itself, when called via .encode() on a v3+ model with prompts in config, auto-applies a default. If ST's own .encode() honors `default_prompt_name` from config, the seam closes inside ST, not at the wrapper. This needs a direct ST .encode() call on arctic to confirm A != B at the ST layer.
- That none of the 4 wrappers has a non-default code path or recently-merged PR that closes the seam. Source-verified at one timestamp; no check of open PRs/issues acknowledging the fix.

STATISTICAL_GAPS:
- Paired bootstrap CI on hit@10 reported, but no multiple-comparison correction across the family of controls (A, B, C, e5-A, e5-B, e5+arctic-prompt). With 5+ comparisons, nominal 95% CI overstates confidence.
- 29/300 improved, 0 hurt is a strong sign-test signal — but no report of the magnitude distribution per query, no check on whether gains concentrate in a query subtype (e.g. short queries, specific topic) that would qualify the claim.
- No variance across seeds/embedding-runs (ST encode is deterministic, but tokenization/normalization edge cases exist). No cross-corpus replication (BEIR has 18 datasets; only SciFact tested at L0).
- N=1 model for the positive arm means the "true" effect-size CI across MODELS is undefined; the paired-bootstrap CI is *within* SciFact-arctic only.

RATIONALE: The empirical work is clean within its scope (alias-break + CIF both held; 4 wrappers source-verified open; honest reproduction reporting) and the mechanism is correctly cited not re-derived. But the THEORY claim — that this is a distinct phenomenon rather than a costume on the known prefix footgun — rests on TWO load-bearing assertions that L0 does not yet test: (1) that ST .encode() itself does not auto-apply the config'd prompt (closing the seam inside ST, before the wrapper ever matters), and (2) that the seam survives a *competent* user, which is a behavioral claim not measured. The N=1-model, single-dataset, offline-cosine evidence is insufficient to gate to L1-green; the discard-framing is plausibly distinct but not yet established as the *actual* failure mode in a production end-to-end path. YELLOW: advance only with (a) direct ST.encode() vs ST.encode_query() comparison on arctic to localize the discard to the wrapper boundary specifically, (b) >=2 more asymmetric-prompt self-describing models, (c) >=2 more BEIR datasets, (d) one actual Chroma or pymilvus end-to-end add()+query() run reproducing the A-number in situ. Cite: E5/Wang2022 (arXiv:2212.03533) for the prefix mechanism; MTEB PR#1221 for the benchmark-level acknowledgement timing.
```
