```
ROLE: theory_skeptic  VOTE: yellow
MUNDANE_EXPLANATIONS: [
  "single-linkage chaining is a textbook clustering pathology (Jain & Dubes 1988; Hastie/Tibshirani/Friedman §14.3.12) — connected-components on a graph with edges = pairwise-above-T is single-linkage, and Jaccard-above-T is provably non-transitive (triangle inequality fails for 1-J at T>=0.5), so chain-endpoint-distance growing without bound is mathematically forced, not emergent",
  "complete-linkage giving innocent-removal=0 is the *definition* of complete-linkage (every pair in the kept cluster is above T), not a discovered mitigation — this is the textbook fix for chaining and has been known since the 1960s",
  "the 0.724 headline is a function of the synthetic corpus mix (8x10 chains over ~N docs at moderate density): the harness CONSTRUCTS drift-chains with consec Jaccard ~0.82 > T=0.8, then measures the fraction of chain-members deleted — by construction, almost all non-endpoint chain-docs will have max-sim-to-rep < T",
  "EXACT > MinHash effect size (0.724 vs 0.323) is exactly what k=128 MinHash variance predicts (per-edge SE on J~0.82 is ~sqrt(0.82*0.18/128)≈0.034; marginal chain edges near T drop out probabilistically), so this is consistent with basic estimator theory, not evidence against an LSH-FP explanation in any non-trivial sense"
]
CONFOUNDS: [
  "corpus-construction confound: 'innocent-removal fraction' is dominated by how many CHAIN docs the generator injected vs CLIQUE+SINGLETON docs — the density sweep (0.36→0.94) tracks the chain-to-non-chain ratio almost mechanically",
  "rep-selection confound: 'lowest-id' representative is a worst-case for chain-endpoint similarity; centroid/medoid or density-weighted rep would change innocent-removal under CC without changing the graph — the claim is conflating CC-merge-policy with rep-selection-policy",
  "threshold-vs-drift confound: the headline depends on the specific gap (consec=0.82 vs T=0.8) the generator chose; at T=0.9 effect collapses to 0 (researcher-flagged), so the result is really 'effect exists in a narrow (T, drift)-band the harness sits in'",
  "the 'realistic operating point' label for T=0.8 is doing load-bearing work but is unjustified within L0 — Lee2021 NearDup uses different (n-gram, threshold) regimes; calling 0.8 'realistic' is a claim about real corpora, not a property of the harness"
]
ASSUMPTIONS_UNTESTED: [
  "that real near-dup graphs at T~0.8 contain drift-chains with prevalence comparable to the synthetic 8x10 mix — explicitly punted to L1 by the researcher; without this, magnitude in practice is unknown and could be ~0",
  "that single-linkage chaining producing far endpoint-pairs is novel beyond 60-year-old clustering literature applied to dedup graphs — the contribution-vs-folklore question is unaddressed",
  "that 'innocent' (Jaccard<T to retained rep) is the right *loss* function — a doc could be deleted while being semantically redundant with the kept doc via a different metric, in which case the deletion is not actually harmful (the L1 (c) currency question)",
  "that the chain-edge Jaccard distribution in the harness (consec~0.82, sharp drift) resembles any real-corpus joint distribution of pairwise similarities — the generator is parametric, not calibrated to a real corpus"
]
STATISTICAL_GAPS: [
  "95% CI ±0.003 over 5 seeds reflects ONLY Monte Carlo over the synthetic generator with fixed structural parameters; it carries zero information about uncertainty in the question that actually matters (real-corpus chain prevalence)",
  "no adversarial corpus configuration where complete-linkage / SemDeDup is stressed — the '0.000' result for mitigations is reported across configs that all share the same chain-vs-clique geometry; a corpus with overlapping chain bundles or near-clique-with-pendant-chain could in principle hurt complete-linkage too",
  "no reporting of variance across chain TOPOLOGY (e.g. branching trees vs linear chains, multiple chains sharing endpoints) — only linear chains tested, so robustness of the mechanism claim is narrower than stated",
  "no sensitivity analysis on the rep-selection rule (lowest-id is arbitrary); without it, the claim 'CC always deletes innocents' is really 'CC+lowest-id deletes innocents'"
]
RATIONALE: The graph-theoretic core is *correct* but largely tautological: connected-components = single-linkage, single-linkage chains (Jain & Dubes 1988; ESL §14.3.12), Jaccard-above-T is non-transitive, ergo chain-endpoints can be arbitrarily dissimilar. Complete-linkage avoiding chains is its textbook definition. The L0 number 0.724 is a function of how many drift-chains the synthetic generator injects at a (T=0.8, consec=0.82) operating point the harness itself chose — it measures what was constructed. The researcher honestly flags this (effect → 0 at T=0.9 and when drift breaks consec<T) and explicitly punts chain-prevalence-in-real-corpora to L1; that punt is the load-bearing assumption. The non-circular, anti-folklore contribution would require either (i) a closed-form for innocent-removal vs graph topology not already in the single-linkage literature, or (ii) real-corpus measurement showing the chain-prevalence assumption holds at T~0.8. L0 provides neither. Hence the *structural mechanism* is HELD-but-textbook and the *magnitude claim* is conditional on a real-corpus property not measured. Vote YELLOW: not red (claim is internally consistent, mitigation arm is clean, EXACT-edges control rules out the trivial LSH-FP explanation, and the synthetic demo is honestly bounded), not green (headline 0.724 is a synthetic artifact of injected chain density; novelty vs single-linkage-chaining literature is unestablished; the real load-bearing number is deferred). prompt-version: theory_skeptic_v001
```
