EXP-0052 start N=15000 seeds=22 nperm=64 bands=16x4
  seed0: ndocs=15000 nclust=1278 detected=1111 [7s]
  detection done for 22 seeds [164s]
rho=-0.60 Df=+0.0383±0.0010 Dl=-0.0374±0.0010 Dr=+0.0580±0.0023 same=True rate=0.1667 fp=8 [164s]
rho=-0.40 Df=+0.0252±0.0011 Dl=-0.0245±0.0010 Dr=+0.0580±0.0023 same=True rate=0.1667 fp=8 [165s]
rho=-0.20 Df=+0.0124±0.0010 Dl=-0.0119±0.0010 Dr=+0.0580±0.0023 same=True rate=0.1667 fp=8 [166s]
rho=+0.00 Df=+0.0002±0.0009 Dl=+0.0007±0.0009 Dr=+0.0580±0.0023 same=True rate=0.1667 fp=8 [166s]
rho=+0.10 Df=-0.0063±0.0009 Dl=+0.0066±0.0008 Dr=+0.0580±0.0023 same=True rate=0.1667 fp=8 [167s]
rho=+0.20 Df=-0.0125±0.0011 Dl=+0.0130±0.0007 Dr=+0.0580±0.0023 same=True rate=0.1667 fp=8 [168s]
rho=+0.30 Df=-0.0188±0.0010 Dl=+0.0194±0.0007 Dr=+0.0580±0.0023 same=True rate=0.1667 fp=8 [169s]
rho=+0.40 Df=-0.0248±0.0009 Dl=+0.0261±0.0008 Dr=+0.0580±0.0023 same=True rate=0.1667 fp=8 [169s]
rho=+0.60 Df=-0.0372±0.0010 Dl=+0.0382±0.0007 Dr=+0.0580±0.0023 same=True rate=0.1667 fp=8 [170s]
rho=+0.80 Df=-0.0505±0.0009 Dl=+0.0515±0.0008 Dr=+0.0580±0.0023 same=True rate=0.1667 fp=8 [171s]
rho=+1.00 Df=-0.0640±0.0009 Dl=+0.0649±0.0008 Dr=+0.0580±0.0023 same=True rate=0.1667 fp=8 [171s]
sigma_within=0.0 (rho=0.2) Df=-0.0001±0.0001 Dl=-0.0000±0.0001 [246s]
sigma_within=0.5 (rho=0.2) Df=-0.0036±0.0007 Dl=+0.0036±0.0008 [319s]
sigma_within=1.0 (rho=0.2) Df=-0.0122±0.0021 Dl=+0.0127±0.0012 [393s]
sigma_within=1.5 (rho=0.2) Df=-0.0220±0.0016 Dl=+0.0189±0.0010 [467s]
GUARD B: clusters_identical=True removed F/L/R=2548/2548/2548 count_identical=True
DONE total 474s
