```
ROLE: area_chair
FINAL_VERDICT: red
REVIEWER_VOTES: {novelty_killer: red, systems_reviewer: red, evaluation_prosecutor: red, theory_skeptic: red, product_realist: yellow}
FATAL_OBJECTIONS:
  - "The general corpus-hygiene-risk-for-retrieval-broadly claim FAILED ecological validity at L1: both bge-base-en-v1.5 and e5-base-v2 hold rank 1.00 (CI ±0.00) at every template length L under realistic query-bearing templates. The headline framing is dead by the packet's own evidence."
  - "The surviving BM25-only recovery arm is pivoted length normalization (Singhal-Buckley-Mitra 1996; Robertson-Walker 1994) by the claim's own admission ('recovery is LENGTH-NORMALIZATION-DOMINATED ... abolished at b=0'). Four reviewers independently verified this collision against ≥2 canonical sources. No new retrieval mechanism is introduced; the inverted-U is the rank-space projection of a known closed-form property along a synthetic template-length axis."
  - "The only regime that displaces the clean answer at L1 requires verbatim-query injection into every distractor — an adversarial attack in the Zhong 2023 corpus-poisoning family. The 'corpus-hygiene' framing is a category error: realistic hygiene drift produced FLAT results. This collision is unrebutted."
  - "BM25L persistence does not rebut the length-normalization collision. BM25L (Lv-Zhai 2011) was designed to lift long-doc floors via +delta, not to remove the |D|/avgdl scaling that drives asymptotic recovery. As the theory_skeptic notes, persistence is expected, not a robustness surprise."
REQUIRED_EVIDENCE: []
MANDATORY_BASELINES:
  - "Singhal-Buckley-Mitra 1996 (pivoted length normalization — the recovery mechanism)"
  - "Robertson-Walker 1994 / Robertson-Zaragoza 2009 (BM25 b-parameter derivation)"
  - "Lv-Zhai 2011 BM25L (length-norm non-monotonicity already documented)"
  - "Zhong et al. 2023 (corpus poisoning — the displacement regime)"
  - "Gospodinov et al. 2023 Doc2Query-- (query-term injection harms expansion)"
MAP_DELTA_PROPOSAL: {node: "CLAIM-0045", change: "RED — general claim failed L1 ecological validity; BM25-only survivor is naming-novelty over pivoted-length-normalization (Singhal 1996) with no mechanism delta; displacement regime is adversarial (Zhong 2023), not hygiene. Converge PROJ-0015."}
PRIOR_ART_ADEQUATE: yes
RATIONALE: Four of five reviewers vote RED with independently-verified, overlapping prior-art collisions; the fifth (product_realist) votes YELLOW on operational-value grounds while conceding the same novelty deficits. No RED is rebutted by evidence. I weigh the product_realist's YELLOW seriously — the L1 negative result IS honestly reported, experimentally clean, and operationally informative (dense RAG operators can deprioritize hygiene-driven rank-collapse). But the YELLOW case rests on the value of a well-executed negative result, not on novelty of the surviving positive finding. And the positive finding fails the novelty bar: (1) the recovery arm is pivoted length normalization by the authors' own concession, verified against Singhal-Buckley-Mitra 1996 + Robertson-Walker 1994 + Lv-Zhai 2011 (three independent canonical sources, exceeding the ≥2 kill threshold); (2) the 'inverted-U' relabels the rank-space manifestation of BM25's known score-vs-length non-monotonicity (Lv-Zhai 2011 documents this explicitly); (3) the only displacement that transfers to dense models requires adversarial verbatim-query injection, placing it in the Zhong 2023 corpus-poisoning family, not the corpus-hygiene regime the claim targets. The b-sweep and BM25L controls are methodologically clean mechanistic checks — they confirm a KNOWN mechanism, they do not discover a new one. The e5 partial inverted-U under adversarial injection (via 512-token truncation / mean-pool dilution) is a genuine minor empirical observation, but it lives entirely inside the attack regime and operates via a different mechanism than the BM25 claim, so it does not rescue the headline. I credit the orchestrator's honest posture ('I am NOT pushing for a green') and the researcher's forthright negative reporting. This is good science — clean experiment, honest result, disciplined scoping. But the committee's mandate is to judge novelty and ecological validity, and on both counts the evidence points to RED. PROJ-0015 should converge: CLAIM-0044 is dead (DEAD-0011), CLAIM-0045 is terminal at RED, and the project's contribution is the negative ecological-validity finding (dense retrieval is robust to realistic template drift), which is worth recording in the academic map as a validated negative but does not meet the bar for a novel positive claim.
```
