```
ROLE: theory_skeptic  VOTE: red
MUNDANE_EXPLANATIONS: [
  "The 'recovery arm' under BM25 b>0 is the textbook behavior of pivoted length normalization (Singhal-Buckley-Mitra 1996; Robertson-Walker 1994 BM25 derivation): as |D|/avgdl grows, the denominator (1-b+b|D|/avgdl) monotonically deflates per-term contribution. Stuffing distractors with repeated query terms increases f but also |D|; once |D|/avgdl dominates, score decays. The b=0 control showing monotone worsening is not a discovery — it is literally the definition of b in the BM25 formula. Calling this an 'inverted-U phenomenon' renames a known closed-form property.",
  "The L0 'mechanism decomposition' table makes this explicit: dist_lennorm rises 1.00->7.56 while qterm_idf is flat at 4.05. The crossover is just (k1+1)f / (k1·B(D)+f) viewed as a function of L with f growing linearly and B(D) growing linearly — standard saturation arithmetic, not an emergent regime.",
  "BM25L (Lv-Zhai 2011) was designed to fix UNDER-retrieval of long docs by lower-bounding normalized tf; it was never designed to remove length penalty on distractor-bloat. That BM25L 'persists' the inverted-U is expected, not a robustness result — delta=0.5 shifts the floor but the |D|/avgdl term still dominates asymptotically. Citing BM25L persistence as evidence the effect is 'not a default-b artifact' conflates 'not a b-tuning artifact' with 'not a length-normalization artifact' — the packet's own b=0 result shows it IS the latter."
]
CONFOUNDS: [
  "Adversarial vs hygiene framing: the L1 displacement requires verbatim-query injection into distractors (Zhong 2023 corpus-poisoning family). The 'corpus hygiene' framing is a category error — natural topical boilerplate (the L1 realistic-template arm) produced FLAT rank=1.00 for both dense models. The surviving phenomenon is an attack, not drift.",
  "Dense-model 'inverted-U' on e5 is attributed in the packet to 512-token truncation + mean-pool dilution. This is a tokenizer/architecture artifact, not the BM25 length-normalization mechanism. Labeling both as the same 'inverted-U' across L0 and L1 conflates two unrelated causes under one name.",
  "GT = planted answer doc-id makes the metric circular w.r.t. the construction: the 'clean answer' is defined as the one doc carrying all 5 query terms with no template; any score function that down-weights distractor length will recover it. The recovery is not evidence about retrieval behavior in the wild — it is evidence that the constructed gap is restored when the constructed penalty kicks in.",
  "Cell selection: 3 of 4 cells HELD but the 4th (f=0.5, T_q=1, 9/20 seeds) is dismissed as 'weakest condition' rather than treated as a partial falsification of the L-axis generality."
]
ASSUMPTIONS_UNTESTED: [
  "No closed-form check: the authors say 'corpus-statistics-dependent crossover; no closed-form predictor' but BM25's per-term score as a function of (f, |D|) has a closed form. They never derive L* analytically from k1, b, avgdl, df, T_qterms and compare to the empirical peak — which would either confirm the finding is a restatement of pivoted-length-norm or surface a genuine surprise.",
  "avgdl is held implicit. The peak location L* must scale with avgdl (because the denominator depends on |D|/avgdl). No sweep over avgdl / N is reported, so the 'phenomenon' may simply be 'L* ~ avgdl' — exactly what pivoted-length-norm predicts.",
  "No comparison to baseline BM25+ (Lv-Zhai 2011 SIGIR) or BM25-adpt, both of which are the standard length-norm-variant family the claim should be controlled against if 'robust to length-penalty fixes' is asserted.",
  "Anti-hub / hubness-theory (Radovanovic 2010) was flagged by committee#1 in the sibling claim CLAIM-0046 verdict — the dense-model 'monotone-worse for bge' result has not been checked against the hubness literature, which independently predicts dense retrievers concentrate on a few attractor docs as L grows."
]
STATISTICAL_GAPS: [
  "L1 ecological result is rank 1.00 with CI ±0.00 across all L for both dense models, 20 seeds. CI=0 across 20 seeds suggests rank is saturated at the ceiling, which means the experiment has zero power to detect small displacements — the FLAT finding is a 'no displacement large enough to dethrone' result, not a 'no effect' result. Score-margin (the continuous quantity) DOES dip and recover, which is at least directionally consistent with the L0 mechanism but is not reported with CIs or tested.",
  "Per-seed inverted-U rate is reported as 9/20, 13/20, 18/20, 20/20 across cells — no multiple-comparison correction across the 4 cells × 9 L values × b-sweep × BM25L grid; the 'HELD' designations are at risk of multiple-testing inflation.",
  "L1 'partial inverted-U' for e5 is 15 seeds (vs 20 elsewhere) — the stress probe sample size is smaller and no justification is given for the reduction.",
  "No falsification test on the IDF/spread claim ('qterm_idf is FLAT ~4.05 across all L>0'): with df fixed by presence, this is true by construction, not an empirical finding — it should be stated as a definitional property, not a result."
]
RATIONALE: The load-bearing L1 result is FLAT under realistic templates (rank=1.00, CI=0 for both bge and e5 across all L) — the general 'corpus-hygiene risk for retrieval broadly' reading is dead. The surviving BM25-only inverted-U, on independent reading of the equations and the b-sweep, is a restatement of the pivoted-length-normalization curve (Singhal-Buckley-Mitra 1996; Robertson-Walker 1994 derivation) made visible by query-term-stuffed distractors — the b=0 control proves the recovery is the length-norm denominator, which is the definition of the parameter, not an emergent property. BM25L 'persistence' does not rebut this because BM25L was designed to lift long-doc floors (Lv-Zhai 2011), not to remove the |D|/avgdl scaling that dominates the L→∞ recovery. The displacement regime that DID transfer to dense models requires verbatim query-term injection into every distractor, which is the Zhong 2023 corpus-poisoning regime (an attack), not corpus hygiene. The packet's own honest synthesis concedes this. Novelty vs Singhal-Buckley-Mitra 1996 and Zhong 2023 is unestablished; the 'no closed-form predictor' claim is not supported by an attempted derivation. RED.
```
