MetaCode at Meta (https://fburl.com/metacode)
--dangerously-disable-osx-sandbox flag is enabled, please use caution!
[0m
> build · avocado-code-latest
[0m
[0m✗ [0mread failed
[91m[1mError: [0mFile not found: /Users/dengcchi/autonomous-research-v3/_committee_common_v001.md
[0m→ [0mRead .
[0m⚙ [0mmeta_core_search_files {"pattern":"_committee_common_v001.md"}
[0m✱ [0mGlob "**/_committee_common_v001.md"[90m 0 matches[0m
[0m✱ [0mGlob "**/TOOLING_v001.md"[90m 0 matches[0m
[0m✱ [0mGlob "**/_shared/**"[90m 0 matches[0m
[0m✱ [0mGlob "**/*committee*.md"[90m 0 matches[0m
[0m✱ [0mGrep "committee_common"[90m 0 matches[0m
[0m✗ [0mread failed
[91m[1mError: [0mFile not found: /Users/dengcchi/autonomous-research-v3/prompts
[0m
[0m$ [0mfind /Users/dengcchi/autonomous-research-v3 -name "*committee*" -o -name "*TOOLING*" 2>/dev/null | head -20
/Users/dengcchi/autonomous-research-v3/learning/roles/committee.md
/Users/dengcchi/autonomous-research-v3/experiments/2026-06-02/EXP-0002/committee1
/Users/dengcchi/autonomous-research-v3/experiments/2026-06-02/EXP-0001/committee1
/Users/dengcchi/autonomous-research-v3/runtime/orchestrator/committee_queue.yaml
/Users/dengcchi/autonomous-research-v3/runtime/cron/committee_health.log
/Users/dengcchi/autonomous-research-v3/runtime/cron/committee_health.alive
[0m
[0m$ [0mfind /Users/dengcchi/autonomous-research-v3 -name "*.md" | xargs grep -l "PRODUCT_REALIST" 2>/dev/null | head -5
[0m→ [0mRead learning/roles/committee.md
