configs=288 x seeds=5 x policies=3 = 4320 runs
  ...90 runs done
  ...180 runs done
  ...270 runs done
  ...360 runs done
  ...450 runs done
  ...540 runs done
  ...630 runs done
  ...720 runs done
  ...810 runs done
  ...900 runs done
  ...990 runs done
  ...1080 runs done
  ...1170 runs done
  ...1260 runs done
  ...1350 runs done
  ...1440 runs done
  ...1530 runs done
  ...1620 runs done
  ...1710 runs done
  ...1800 runs done
  ...1890 runs done
  ...1980 runs done
  ...2070 runs done
  ...2160 runs done
  ...2250 runs done
  ...2340 runs done
  ...2430 runs done
  ...2520 runs done
  ...2610 runs done
  ...2700 runs done
  ...2790 runs done
  ...2880 runs done
  ...2970 runs done
  ...3060 runs done
  ...3150 runs done
  ...3240 runs done
  ...3330 runs done
  ...3420 runs done
  ...3510 runs done
  ...3600 runs done
  ...3690 runs done
  ...3780 runs done
  ...3870 runs done
  ...3960 runs done
  ...4050 runs done
  ...4140 runs done
  ...4230 runs done
  ...4320 runs done
DONE total_runs=4320
raw -> /Users/dengcchi/autonomous-research-v3/experiments/2026-06-03/EXP-0036/results/raw_runs.csv
cmp -> /Users/dengcchi/autonomous-research-v3/experiments/2026-06-03/EXP-0036/results/policy_compare.csv
