tau=+0.799 rho=0.70 | p99 FCFS= 2412.79 SJF= 2091.81 ratio=0.867
tau=+0.799 rho=0.80 | p99 FCFS= 2709.27 SJF= 2807.39 ratio=1.036
tau=+0.799 rho=0.90 | p99 FCFS= 4535.70 SJF= 4646.94 ratio=1.025
tau=+0.799 rho=0.95 | p99 FCFS= 5836.79 SJF= 6642.61 ratio=1.138
tau=+0.613 rho=0.70 | p99 FCFS= 2516.57 SJF= 2144.07 ratio=0.852
tau=+0.613 rho=0.80 | p99 FCFS= 2748.78 SJF= 3078.20 ratio=1.120
tau=+0.613 rho=0.90 | p99 FCFS= 3414.75 SJF= 4685.48 ratio=1.372
tau=+0.613 rho=0.95 | p99 FCFS= 6483.30 SJF= 9517.76 ratio=1.468
tau=+0.435 rho=0.70 | p99 FCFS= 1965.77 SJF= 2078.46 ratio=1.057
tau=+0.435 rho=0.80 | p99 FCFS= 3217.73 SJF= 3632.10 ratio=1.129
tau=+0.435 rho=0.90 | p99 FCFS= 5026.16 SJF= 8728.49 ratio=1.737
tau=+0.435 rho=0.95 | p99 FCFS= 6371.39 SJF=14643.63 ratio=2.298
tau=+0.339 rho=0.70 | p99 FCFS= 2307.48 SJF= 3482.90 ratio=1.509
tau=+0.339 rho=0.80 | p99 FCFS= 3775.58 SJF= 6473.25 ratio=1.715
tau=+0.339 rho=0.90 | p99 FCFS= 7179.56 SJF=23210.68 ratio=3.233
tau=+0.339 rho=0.95 | p99 FCFS=12668.22 SJF=73866.38 ratio=5.831
tau=+0.237 rho=0.70 | p99 FCFS= 2286.74 SJF= 3178.84 ratio=1.390
tau=+0.237 rho=0.80 | p99 FCFS= 3314.04 SJF= 5518.36 ratio=1.665
tau=+0.237 rho=0.90 | p99 FCFS= 4972.80 SJF=13603.76 ratio=2.736
tau=+0.237 rho=0.95 | p99 FCFS= 7866.47 SJF=36888.76 ratio=4.689
tau=+0.141 rho=0.70 | p99 FCFS= 2391.31 SJF= 3399.59 ratio=1.422
tau=+0.141 rho=0.80 | p99 FCFS= 2724.91 SJF= 5437.35 ratio=1.995
tau=+0.141 rho=0.90 | p99 FCFS= 5076.09 SJF=15427.30 ratio=3.039
tau=+0.141 rho=0.95 | p99 FCFS= 5842.64 SJF=31386.42 ratio=5.372
tau=+0.014 rho=0.70 | p99 FCFS= 2467.51 SJF= 4039.39 ratio=1.637
tau=+0.014 rho=0.80 | p99 FCFS= 3357.34 SJF= 7638.36 ratio=2.275
tau=+0.014 rho=0.90 | p99 FCFS= 4349.97 SJF=13753.78 ratio=3.162
tau=+0.014 rho=0.95 | p99 FCFS= 6292.29 SJF=37641.63 ratio=5.982
tau=-0.065 rho=0.70 | p99 FCFS= 2389.85 SJF= 4500.91 ratio=1.883
tau=-0.065 rho=0.80 | p99 FCFS= 3185.77 SJF= 8924.88 ratio=2.801
tau=-0.065 rho=0.90 | p99 FCFS= 4552.92 SJF=21581.84 ratio=4.740
tau=-0.065 rho=0.95 | p99 FCFS= 6174.47 SJF=42066.34 ratio=6.813
tau=-0.203 rho=0.70 | p99 FCFS= 1988.38 SJF= 4115.72 ratio=2.070
tau=-0.203 rho=0.80 | p99 FCFS= 2389.83 SJF= 6976.18 ratio=2.919
tau=-0.203 rho=0.90 | p99 FCFS= 4416.22 SJF=21201.25 ratio=4.801
tau=-0.203 rho=0.95 | p99 FCFS= 6141.25 SJF=47084.84 ratio=7.667
tau=-0.278 rho=0.70 | p99 FCFS= 2157.01 SJF= 4999.69 ratio=2.318
tau=-0.278 rho=0.80 | p99 FCFS= 2332.87 SJF= 6506.96 ratio=2.789
tau=-0.278 rho=0.90 | p99 FCFS= 4229.26 SJF=24944.55 ratio=5.898
tau=-0.278 rho=0.95 | p99 FCFS= 5412.91 SJF=45406.98 ratio=8.389
tau=-0.401 rho=0.70 | p99 FCFS= 2391.65 SJF= 6636.42 ratio=2.775
tau=-0.401 rho=0.80 | p99 FCFS= 3472.22 SJF=17870.17 ratio=5.147
tau=-0.401 rho=0.90 | p99 FCFS= 5779.61 SJF=42135.30 ratio=7.290
tau=-0.401 rho=0.95 | p99 FCFS= 9823.32 SJF=146170.43 ratio=14.880
tau=-0.520 rho=0.70 | p99 FCFS= 2288.56 SJF= 5792.38 ratio=2.531
tau=-0.520 rho=0.80 | p99 FCFS= 2777.57 SJF=10017.79 ratio=3.607
tau=-0.520 rho=0.90 | p99 FCFS= 4216.97 SJF=26860.18 ratio=6.370
tau=-0.520 rho=0.95 | p99 FCFS= 6359.41 SJF=79634.75 ratio=12.522
WROTE /Users/dengcchi/autonomous-research-v3/experiments/2026-06-03/EXP-0054/results/sweep.csv
