harness loaded 144 cells
temp=0.05 sigma=0.1 K= 3  misroute=1.000±0.000  gad_rec=0.0000  mon_recall=0.000
temp=0.05 sigma=0.1 K= 5  misroute=1.000±0.000  gad_rec=0.0000  mon_recall=0.000
temp=0.05 sigma=0.1 K=10  misroute=1.000±0.000  gad_rec=0.0000  mon_recall=0.000
temp=0.05 sigma=0.1 K=20  misroute=1.000±0.000  gad_rec=0.0000  mon_recall=0.000
temp=0.05 sigma=0.1 K=50  misroute=1.000±0.000  gad_rec=0.0000  mon_recall=0.000
temp=0.05 sigma=0.3 K= 3  misroute=1.000±0.000  gad_rec=0.0000  mon_recall=0.000
temp=0.05 sigma=0.3 K= 5  misroute=1.000±0.000  gad_rec=0.0000  mon_recall=0.000
temp=0.05 sigma=0.3 K=10  misroute=1.000±0.000  gad_rec=0.0000  mon_recall=0.000
temp=0.05 sigma=0.3 K=20  misroute=1.000±0.000  gad_rec=0.0000  mon_recall=0.000
temp=0.05 sigma=0.3 K=50  misroute=1.000±0.000  gad_rec=0.0000  mon_recall=0.000
temp=0.15 sigma=0.1 K= 3  misroute=1.000±0.000  gad_rec=0.0000  mon_recall=0.000
temp=0.15 sigma=0.1 K= 5  misroute=1.000±0.000  gad_rec=0.0000  mon_recall=0.000
temp=0.15 sigma=0.1 K=10  misroute=1.000±0.000  gad_rec=0.0000  mon_recall=0.000
temp=0.15 sigma=0.1 K=20  misroute=1.000±0.000  gad_rec=0.0000  mon_recall=0.000
temp=0.15 sigma=0.1 K=50  misroute=1.000±0.000  gad_rec=0.0000  mon_recall=0.000
temp=0.15 sigma=0.3 K= 3  misroute=1.000±0.000  gad_rec=0.0000  mon_recall=0.000
temp=0.15 sigma=0.3 K= 5  misroute=1.000±0.000  gad_rec=0.0000  mon_recall=0.000
temp=0.15 sigma=0.3 K=10  misroute=1.000±0.000  gad_rec=0.0000  mon_recall=0.000
temp=0.15 sigma=0.3 K=20  misroute=1.000±0.000  gad_rec=0.0000  mon_recall=0.000
temp=0.15 sigma=0.3 K=50  misroute=1.000±0.000  gad_rec=0.0000  mon_recall=0.000
temp=0.4 sigma=0.1 K= 3  misroute=1.000±0.000  gad_rec=0.0000  mon_recall=0.000
temp=0.4 sigma=0.1 K= 5  misroute=1.000±0.000  gad_rec=0.0000  mon_recall=0.000
temp=0.4 sigma=0.1 K=10  misroute=1.000±0.000  gad_rec=0.0000  mon_recall=0.000
temp=0.4 sigma=0.1 K=20  misroute=1.000±0.000  gad_rec=0.0000  mon_recall=0.000
temp=0.4 sigma=0.1 K=50  misroute=1.000±0.000  gad_rec=0.0000  mon_recall=0.000
temp=0.4 sigma=0.3 K= 3  misroute=1.000±0.000  gad_rec=0.0000  mon_recall=0.000
temp=0.4 sigma=0.3 K= 5  misroute=1.000±0.000  gad_rec=0.0000  mon_recall=0.000
temp=0.4 sigma=0.3 K=10  misroute=1.000±0.000  gad_rec=0.0000  mon_recall=0.000
temp=0.4 sigma=0.3 K=20  misroute=1.000±0.000  gad_rec=0.0000  mon_recall=0.000
temp=0.4 sigma=0.3 K=50  misroute=1.000±0.000  gad_rec=0.0000  mon_recall=0.000

--- escape-recall vs proximity (gap bins), K=10, multiple temps ---
temp=0.05 sigma=0.1  esc_recall by gap (near->far): [0.0, 0.221, 0.859, 1.0, 1.0]
temp=0.05 sigma=0.3  esc_recall by gap (near->far): [0.002, 0.239, 0.829, 1.0, 1.0]
temp=0.15 sigma=0.1  esc_recall by gap (near->far): [0.002, 0.239, 0.829, 1.0, 1.0]
temp=0.15 sigma=0.3  esc_recall by gap (near->far): [0.08, 0.309, 0.71, 0.995, 1.0]
temp=0.4 sigma=0.1  esc_recall by gap (near->far): [0.058, 0.294, 0.733, 0.995, 1.0]
temp=0.4 sigma=0.3  esc_recall by gap (near->far): [0.198, 0.312, 0.486, 0.778, 0.966]

elapsed 10.2s
