harness2 loaded
temp=0.05 sigma=0.1 K= 3  stream_misroute=0.976±0.006  oos_frac=0.976  gad=0.0000
temp=0.05 sigma=0.1 K= 5  stream_misroute=0.970±0.004  oos_frac=0.970  gad=0.0000
temp=0.05 sigma=0.1 K=10  stream_misroute=0.934±0.006  oos_frac=0.934  gad=0.0000
temp=0.05 sigma=0.1 K=20  stream_misroute=0.859±0.010  oos_frac=0.859  gad=0.0000
temp=0.05 sigma=0.1 K=50  stream_misroute=0.650±0.022  oos_frac=0.650  gad=0.0000
temp=0.05 sigma=0.3 K= 3  stream_misroute=0.976±0.006  oos_frac=0.976  gad=0.0000
temp=0.05 sigma=0.3 K= 5  stream_misroute=0.970±0.004  oos_frac=0.970  gad=0.0000
temp=0.05 sigma=0.3 K=10  stream_misroute=0.934±0.006  oos_frac=0.934  gad=0.0000
temp=0.05 sigma=0.3 K=20  stream_misroute=0.859±0.010  oos_frac=0.859  gad=0.0000
temp=0.05 sigma=0.3 K=50  stream_misroute=0.650±0.022  oos_frac=0.650  gad=0.0000
temp=0.15 sigma=0.1 K= 3  stream_misroute=0.976±0.006  oos_frac=0.976  gad=0.0000
temp=0.15 sigma=0.1 K= 5  stream_misroute=0.970±0.004  oos_frac=0.970  gad=0.0000
temp=0.15 sigma=0.1 K=10  stream_misroute=0.934±0.006  oos_frac=0.934  gad=0.0000
temp=0.15 sigma=0.1 K=20  stream_misroute=0.859±0.010  oos_frac=0.859  gad=0.0000
temp=0.15 sigma=0.1 K=50  stream_misroute=0.650±0.022  oos_frac=0.650  gad=0.0000
temp=0.15 sigma=0.3 K= 3  stream_misroute=0.976±0.006  oos_frac=0.976  gad=0.0000
temp=0.15 sigma=0.3 K= 5  stream_misroute=0.970±0.004  oos_frac=0.970  gad=0.0000
temp=0.15 sigma=0.3 K=10  stream_misroute=0.934±0.006  oos_frac=0.934  gad=0.0000
temp=0.15 sigma=0.3 K=20  stream_misroute=0.859±0.010  oos_frac=0.859  gad=0.0000
temp=0.15 sigma=0.3 K=50  stream_misroute=0.650±0.022  oos_frac=0.650  gad=0.0000
temp=0.4 sigma=0.1 K= 3  stream_misroute=0.976±0.006  oos_frac=0.976  gad=0.0000
temp=0.4 sigma=0.1 K= 5  stream_misroute=0.970±0.004  oos_frac=0.970  gad=0.0000
temp=0.4 sigma=0.1 K=10  stream_misroute=0.934±0.006  oos_frac=0.934  gad=0.0000
temp=0.4 sigma=0.1 K=20  stream_misroute=0.859±0.010  oos_frac=0.859  gad=0.0000
temp=0.4 sigma=0.1 K=50  stream_misroute=0.650±0.022  oos_frac=0.650  gad=0.0000
temp=0.4 sigma=0.3 K= 3  stream_misroute=0.976±0.006  oos_frac=0.976  gad=0.0000
temp=0.4 sigma=0.3 K= 5  stream_misroute=0.970±0.004  oos_frac=0.970  gad=0.0000
temp=0.4 sigma=0.3 K=10  stream_misroute=0.934±0.006  oos_frac=0.934  gad=0.0000
temp=0.4 sigma=0.3 K=20  stream_misroute=0.859±0.010  oos_frac=0.859  gad=0.0000
temp=0.4 sigma=0.3 K=50  stream_misroute=0.650±0.022  oos_frac=0.650  gad=0.0000

--- misroute confidence by neighbor-gap (near->far), K=10 ---
temp=0.05 sigma=0.1  misroute_conf by gap (near->far): [0.801, 0.759, 0.713, 0.658, 0.637]
temp=0.05 sigma=0.3  misroute_conf by gap (near->far): [0.799, 0.76, 0.713, 0.661, 0.637]
temp=0.15 sigma=0.1  misroute_conf by gap (near->far): [0.48, 0.437, 0.395, 0.366, 0.332]
temp=0.15 sigma=0.3  misroute_conf by gap (near->far): [0.483, 0.443, 0.403, 0.38, 0.345]
temp=0.4 sigma=0.1  misroute_conf by gap (near->far): [0.235, 0.22, 0.204, 0.196, 0.182]
temp=0.4 sigma=0.3  misroute_conf by gap (near->far): [0.25, 0.237, 0.223, 0.218, 0.204]

--- escape-recall by neighbor-gap (near->far), K=10 ---
temp=0.05 sigma=0.1  esc_recall by gap (near->far): [0.0, 0.221, 0.859, 1.0, 1.0]
temp=0.05 sigma=0.3  esc_recall by gap (near->far): [0.002, 0.239, 0.829, 1.0, 1.0]
temp=0.15 sigma=0.1  esc_recall by gap (near->far): [0.002, 0.239, 0.829, 1.0, 1.0]
temp=0.15 sigma=0.3  esc_recall by gap (near->far): [0.08, 0.309, 0.71, 0.995, 1.0]
temp=0.4 sigma=0.1  esc_recall by gap (near->far): [0.058, 0.294, 0.733, 0.995, 1.0]
temp=0.4 sigma=0.3  esc_recall by gap (near->far): [0.198, 0.312, 0.486, 0.778, 0.966]

elapsed 12.9s
