MetaCode at Meta (https://fburl.com/metacode)
--dangerously-disable-osx-sandbox flag is enabled, please use caution!
[0m
> build · avocado-code-latest
[0m
[0m✗ [0mread failed
[91m[1mError: [0mFile not found: /Users/dengcchi/autonomous-research-v3/_committee_common_v001.md
[0m✱ [0mGlob "**/_committee_common_v001.md"[90m 0 matches[0m
[0m✱ [0mGlob "**/*committee*common*.md"[90m 0 matches[0m
[0m✱ [0mGlob "**/TOOLING*.md"[90m 0 matches[0m
[0m→ [0mRead .
[0m⚙ [0mmeta_core_search_files {"pattern":"committee_common"}
[0m✱ [0mGrep "committee_common"[90m 0 matches[0m
[0m✱ [0mGlob "**/_shared/**"[90m 0 matches[0m
[0m
[0m$ [0mfind /Users/dengcchi/autonomous-research-v3 -name "*committee*" -o -name "*TOOLING*" 2>/dev/null | head -20
/Users/dengcchi/autonomous-research-v3/learning/roles/committee.md
/Users/dengcchi/autonomous-research-v3/experiments/2026-06-03/EXP-0034/committee2
/Users/dengcchi/autonomous-research-v3/experiments/2026-06-03/EXP-0033/committee1
/Users/dengcchi/autonomous-research-v3/experiments/2026-06-03/EXP-0035/committee1
/Users/dengcchi/autonomous-research-v3/experiments/2026-06-03/EXP-0017/committee1
/Users/dengcchi/autonomous-research-v3/experiments/2026-06-03/EXP-0010/committee1
/Users/dengcchi/autonomous-research-v3/experiments/2026-06-03/EXP-0019/committee1
/Users/dengcchi/autonomous-research-v3/experiments/2026-06-03/EXP-0021/committee2
/Users/dengcchi/autonomous-research-v3/experiments/2026-06-03/EXP-0042/committee1
/Users/dengcchi/autonomous-research-v3/experiments/2026-06-03/EXP-0020/committee1
/Users/dengcchi/autonomous-research-v3/experiments/2026-06-03/EXP-0027/committee1
/Users/dengcchi/autonomous-research-v3/experiments/2026-06-03/EXP-0018/committee2
/Users/dengcchi/autonomous-research-v3/experiments/2026-06-03/EXP-0011/committee1
/Users/dengcchi/autonomous-research-v3/experiments/2026-06-03/EXP-0016/committee2
/Users/dengcchi/autonomous-research-v3/experiments/2026-06-03/EXP-0029/committee1
/Users/dengcchi/autonomous-research-v3/experiments/2026-06-03/EXP-0037/committee1
/Users/dengcchi/autonomous-research-v3/experiments/2026-06-03/EXP-0039/committee1
/Users/dengcchi/autonomous-research-v3/experiments/2026-06-03/EXP-0038/committee2
/Users/dengcchi/autonomous-research-v3/experiments/2026-06-03/EXP-0007/committee1
/Users/dengcchi/autonomous-research-v3/experiments/2026-06-03/EXP-0009/committee1
[0m
[0m$ [0mfind /Users/dengcchi -name "_committee_common_v001.md" 2>/dev/null | head -5
/Users/dengcchi/autonomous-research-e2e/.research-os/prompts/committee/_committee_common_v001.md
/Users/dengcchi/research-os/prompts/committee/_committee_common_v001.md
[0m
[0m→ [0mRead ../research-os/prompts/committee/_committee_common_v001.md
[0m
[0m$ [0mfind /Users/dengcchi -name "TOOLING_v001.md" 2>/dev/null | head -5
/Users/dengcchi/research-os/prompts/_shared/TOOLING_v001.md
[0m
[0m→ [0mRead ../research-os/prompts/_shared/TOOLING_v001.md
[0m⚙ [0mmeta_core_three_pai_external_web_search {"natural_language_query":"RAG evaluation recall@k hit@k standard metric retrieval evaluation"}
[0m% [0mWebFetch https://towardsdatascience.com/how-to-evaluate-retrieval-quality-in-rag-pipelines-precisionk-recallk-and-f1k/
[0m⚙ [0mmeta_core_three_pai_external_web_search {"natural_language_query":"\"recall@k\" \"RAG\" evaluation metric standard hit rate"}
[0m⚙ [0mmeta_core_three_pai_external_web_search {"natural_language_query":"\"answer completeness\" RAG evaluation metric \"contains whole answer\" chunk"}
[0m⚙ [0mmeta_core_three_pai_external_web_search {"natural_language_query":"RAGAS evaluation metrics context recall context precision faithfulness"}
[0m⚙ [0mmeta_core_three_pai_external_web_search {"natural_language_query":"\"context recall\" RAGAS definition \"ground truth\" \"retrieved context\""}
[0m⚙ [0mmeta_core_three_pai_external_web_search {"natural_language_query":"RAGAS \"Context Recall\" metric definition \"ground truth\" \"can be attributed\" \"retrieved context\""}
[0m⚙ [0mmeta_core_three_pai_external_web_search {"natural_language_query":"\"chunking\" \"recall@k\" \"RAG\" \"span\" \"split\" \"evaluation\""}
[0m⚙ [0mmeta_core_three_pai_external_web_search {"natural_language_query":"\"completeness\" \"RAG\" \"chunk\" \"contains\" \"whole answer\""}
