{
  "total_configs": 252,
  "wins": 163,
  "win_frac": 0.647,
  "realistic_configs": 168,
  "realistic_wins": 87,
  "realistic_win_frac": 0.518,
  "breakeven_feasible": 36,
  "breakeven_total": 36,
  "realistic_pstar_min": 0.4348,
  "realistic_pstar_max": 0.9697,
  "realistic_pstars": [
    0.4348,
    0.5263,
    0.6061,
    0.6667,
    0.6897,
    0.7547,
    0.8,
    0.8163,
    0.8602,
    0.8889,
    0.8989,
    0.9249,
    0.9412,
    0.9467,
    0.9697
  ]
}

# MC vs analytic max abs diff (validation):
  max |analytic - MC| spec = 0.0488

real	0m7.061s
user	0m7.003s
sys	0m0.043s
