Collecting pydantic
  Using cached pydantic-2.13.4-py3-none-any.whl.metadata (109 kB)
Collecting annotated-types>=0.6.0 (from pydantic)
  Using cached annotated_types-0.7.0-py3-none-any.whl.metadata (15 kB)
Collecting pydantic-core==2.46.4 (from pydantic)
  Downloading pydantic_core-2.46.4-cp313-cp313-macosx_11_0_arm64.whl.metadata (6.6 kB)
Collecting typing-extensions>=4.14.1 (from pydantic)
  Using cached typing_extensions-4.15.0-py3-none-any.whl.metadata (3.3 kB)
Collecting typing-inspection>=0.4.2 (from pydantic)
  Using cached typing_inspection-0.4.2-py3-none-any.whl.metadata (2.6 kB)
Using cached pydantic-2.13.4-py3-none-any.whl (472 kB)
Downloading pydantic_core-2.46.4-cp313-cp313-macosx_11_0_arm64.whl (2.0 MB)
   ━━━━━━━━━━━━━━━━━━━━━━━━━━━━━━━━━━━━━━━━ 2.0/2.0 MB 79.6 MB/s  0:00:00
Using cached annotated_types-0.7.0-py3-none-any.whl (13 kB)
Using cached typing_extensions-4.15.0-py3-none-any.whl (44 kB)
Using cached typing_inspection-0.4.2-py3-none-any.whl (14 kB)
Installing collected packages: typing-extensions, annotated-types, typing-inspection, pydantic-core, pydantic

Successfully installed annotated-types-0.7.0 pydantic-2.13.4 pydantic-core-2.46.4 typing-extensions-4.15.0 typing-inspection-0.4.2

[notice] A new release of pip is available: 26.0 -> 26.1.2
[notice] To update, run: /Users/dengcchi/autonomous-research-v3/experiments/2026-06-04/EXP-0076/work/.venv/bin/python3.13 -m pip install --upgrade pip
