[0.0s] params set
[0.0s] corpus generated N=4000 Q=500
[1.5s] GT oracle done
[12.5s] density done
[13.5s] build seed=7 done
[14.5s] build seed=11 done
[15.6s] build seed=13 done
[16.6s] build seed=17 done
[17.7s] build seed=19 done
[17.7s] analysis universe (denom>=2): 1303 items
[21.0s] bootstrap done
[21.0s] stability done mean=0.134
==== RESULT ====
{
  "nA_items": 1303,
  "overall_recall": 0.8218,
  "spearman_indeg_miss_raw": -0.14901737948873062,
  "spearman_indeg_miss_ci": [
    -0.20013936799901985,
    -0.09350187362907868
  ],
  "spearman_dens_miss_raw": -0.07905716058882667,
  "spearman_indeg_dens": -0.03240184041788653,
  "partial_spearman_indeg_miss_ctrl_dens": -0.15213477851342158,
  "partial_ci": [
    -0.20312105582173853,
    -0.09685527901114796
  ],
  "regression": {
    "b0": 0.17233855936849035,
    "b_indeg_z": -0.04949910609398098,
    "b_dens_z": -0.03705212014547906,
    "b_indeg_ci": [
      -0.06453996667571203,
      -0.033253494961199045
    ],
    "b_dens_ci": [
      -0.05068430495539007,
      -0.024201708229962846
    ]
  },
  "stability_mean_spearman": 0.1339279828153561,
  "indeg_stats": {
    "min": 1.0,
    "max": 29.0,
    "mean": 9.4335,
    "stdev": 4.396769012581853,
    "n_zero_indeg": 0
  },
  "dens_stats": {
    "min": 0.6320816240329656,
    "max": 24.1910630713538,
    "mean": 5.978295972421422,
    "stdev": 4.8155121212082825
  },
  "outcome": "MIXED",
  "wall_seconds": 21.025617837905884
}
STRATA:
{'bin': 0, 'n': 325, 'spearman_indeg_miss': -0.20832912709940282, 'dens_lo': 0.6320816240329656, 'dens_hi': 1.8929780757166446, 'mean_miss': 0.12728571428571428, 'mean_indeg': 12.04923076923077}
{'bin': 1, 'n': 325, 'spearman_indeg_miss': -0.10204669466367, 'dens_lo': 1.8940040084113139, 'dens_hi': 4.284941851418023, 'mean_miss': 0.3193443223443224, 'mean_indeg': 11.972307692307693}
{'bin': 2, 'n': 325, 'spearman_indeg_miss': -0.17446787283852533, 'dens_lo': 4.378672481854865, 'dens_hi': 7.779909651665761, 'mean_miss': 0.1476190476190477, 'mean_indeg': 12.175384615384615}
{'bin': 3, 'n': 328, 'spearman_indeg_miss': -0.16202725870635618, 'dens_lo': 7.787592640597291, 'dens_hi': 17.3764058257215, 'mean_miss': 0.09581155632984902, 'mean_indeg': 11.841463414634147}
STABILITY PAIRS mean= 0.1339279828153561
OUTCOME: MIXED
WALL 21.0s
