=alpha sweep LINEAR c20 B1 fpr=fnr=0.1=
[alpha_B1] a=0.0 c=20 B1 fpr=0.1 A=22(dnc0%) B=41(dnc0%) pen=-46% CI[-48,-44] (1s)
[alpha_B1] a=0.002 c=20 B1 fpr=0.1 A=5364(dnc1%) B=695(dnc1%) pen=+671% CI[+511,+919] (12s)
[alpha_B1] a=0.005 c=20 B1 fpr=0.1 A=29546(dnc57%) B=729(dnc1%) pen=+3955% CI[+3208,+5073] (79s)
[alpha_B1] a=0.01 c=20 B1 fpr=0.1 A=30483(dnc60%) B=790(dnc1%) pen=+3757% CI[+3029,+5039] (150s)
[alpha_B1] a=0.02 c=20 B1 fpr=0.1 A=27718(dnc55%) B=695(dnc1%) pen=+3886% CI[+3081,+5109] (221s)
[alpha_B1] a=0.04 c=20 B1 fpr=0.1 A=24064(dnc48%) B=875(dnc2%) pen=+2649% CI[+2117,+3426] (263s)
=alpha sweep LINEAR c20 B2 overshoot1=
[alpha_B2] a=0.0 c=20 B2 fpr=0 A=22(dnc0%) B=30(dnc0%) pen=-28% CI[-29,-27] (264s)
[alpha_B2] a=0.002 c=20 B2 fpr=0 A=5985(dnc2%) B=832(dnc1%) pen=+620% CI[+493,+820] (277s)
[alpha_B2] a=0.005 c=20 B2 fpr=0 A=29670(dnc57%) B=800(dnc1%) pen=+3609% CI[+2888,+4741] (344s)
[alpha_B2] a=0.01 c=20 B2 fpr=0 A=31518(dnc62%) B=671(dnc1%) pen=+4595% CI[+3609,+6118] (417s)
[alpha_B2] a=0.02 c=20 B2 fpr=0 A=28293(dnc56%) B=860(dnc2%) pen=+3191% CI[+2553,+4008] (488s)
[alpha_B2] a=0.04 c=20 B2 fpr=0 A=24123(dnc48%) B=889(dnc2%) pen=+2613% CI[+2120,+3383] (530s)
=Weibull k2 c20 B1=
[weibull_B1] a=0.0 c=20 B1 fpr=0.1 A=22(dnc0%) B=39(dnc0%) pen=-44% CI[-46,-42] (531s)
[weibull_B1] a=0.0 c=20 B1 fpr=0.1 A=43(dnc0%) B=188(dnc0%) pen=-77% CI[-80,-75] (532s)
[weibull_B1] a=0.0 c=20 B1 fpr=0.1 A=91(dnc0%) B=843(dnc1%) pen=-89% CI[-91,-87] (533s)
[weibull_B1] a=0.0 c=20 B1 fpr=0.1 A=285(dnc0%) B=750(dnc1%) pen=-62% CI[-69,-50] (535s)
=ckpt spacing alpha=0.01 B1=
[ckpt_B1] a=0.01 c=10 B1 fpr=0.1 A=29565(dnc42%) B=673(dnc1%) pen=+4290% CI[+3400,+5793] (675s)
[ckpt_B1] a=0.01 c=20 B1 fpr=0.1 A=30483(dnc60%) B=790(dnc1%) pen=+3757% CI[+3029,+5039] (746s)
[ckpt_B1] a=0.01 c=40 B1 fpr=0.1 A=21554(dnc43%) B=1193(dnc2%) pen=+1707% CI[+1411,+2072] (773s)
=detector noise alpha=0.01 c20 B1=
[detector_B1] a=0.01 c=20 B1 fpr=0.0 A=30786(dnc61%) B=752(dnc1%) pen=+3994% CI[+3195,+5333] (845s)
[detector_B1] a=0.01 c=20 B1 fpr=0.1 A=30483(dnc60%) B=790(dnc1%) pen=+3757% CI[+3029,+5039] (916s)
[detector_B1] a=0.01 c=20 B1 fpr=0.25 A=31287(dnc62%) B=854(dnc1%) pen=+3565% CI[+2822,+4423] (989s)
[detector_B1] a=0.01 c=20 B1 fpr=0.5 A=31180(dnc61%) B=1176(dnc2%) pen=+2551% CI[+2124,+3086] (1063s)
WROTE results.csv 23 rows total 1063s
