=FINE alpha sweep LINEAR c20 B1 fpr=fnr=0.1 (low-alpha clean regime)=
[fine_B1] a=0.0 c=20 B1 fpr=0.1 A=22(dnc0.0%) B=39(dnc0.0%) pen=-44% pen_compl=-44% CI[-46,-41] (1s)
[fine_B1] a=0.0005 c=20 B1 fpr=0.1 A=90(dnc0.0%) B=855(dnc1.4%) pen=-89% pen_compl=-47% CI[-91,-87] (2s)
[fine_B1] a=0.001 c=20 B1 fpr=0.1 A=277(dnc0.0%) B=850(dnc1.4%) pen=-67% pen_compl=+99% CI[-74,-59] (3s)
[fine_B1] a=0.002 c=20 B1 fpr=0.1 A=5625(dnc1.4%) B=871(dnc1.5%) pen=+546% pen_compl=+3984% CI[+427,+712] (13s)
[fine_B1] a=0.003 c=20 B1 fpr=0.1 A=21616(dnc37.2%) B=812(dnc1.4%) pen=+2561% pen_compl=+4106% CI[+2068,+3357] (55s)
[fine_B1] a=0.005 c=20 B1 fpr=0.1 A=29873(dnc57.3%) B=716(dnc1.2%) pen=+4069% pen_compl=+2596% CI[+3254,+5369] (112s)
=FINE alpha sweep LINEAR c20 B2 overshoot1=
[fine_B2] a=0.0 c=20 B2 fpr=0 A=22(dnc0.0%) B=30(dnc0.0%) pen=-27% pen_compl=-27% CI[-28,-27] (113s)
[fine_B2] a=0.0005 c=20 B2 fpr=0 A=91(dnc0.0%) B=1393(dnc1.0%) pen=-93% pen_compl=-90% CI[-94,-93] (115s)
[fine_B2] a=0.001 c=20 B2 fpr=0 A=281(dnc0.0%) B=926(dnc1.3%) pen=-70% pen_compl=-4% CI[-74,-64] (116s)
[fine_B2] a=0.002 c=20 B2 fpr=0 A=5698(dnc1.3%) B=819(dnc1.3%) pen=+596% pen_compl=+3123% CI[+476,+764] (126s)
[fine_B2] a=0.003 c=20 B2 fpr=0 A=21674(dnc37.8%) B=752(dnc1.2%) pen=+2782% pen_compl=+3386% CI[+2209,+3648] (166s)
[fine_B2] a=0.005 c=20 B2 fpr=0 A=29606(dnc56.7%) B=838(dnc1.5%) pen=+3432% pen_compl=+2448% CI[+2847,+4405] (224s)
=DIVERGENCE alpha sweep B1=
[diverge_B1] a=0.008 c=20 B1 fpr=0.1 A=31473(dnc61.9%) B=834(dnc1.5%) pen=+3672% pen_compl=+1358% CI[+3014,+4716] (286s)
[diverge_B1] a=0.01 c=20 B1 fpr=0.1 A=31641(dnc62.3%) B=666(dnc1.1%) pen=+4652% pen_compl=+1315% CI[+3726,+6104] (348s)
[diverge_B1] a=0.02 c=20 B1 fpr=0.1 A=27788(dnc55.0%) B=583(dnc1.0%) pen=+4664% pen_compl=+594% CI[+3580,+6379] (407s)
[diverge_B1] a=0.04 c=20 B1 fpr=0.1 A=24826(dnc49.4%) B=865(dnc1.6%) pen=+2772% pen_compl=+184% CI[+2227,+3627] (442s)
=detector noise alpha=0.003 c20 B1=
[detector_B1] a=0.003 c=20 B1 fpr=0.0 A=22514(dnc39.3%) B=872(dnc1.6%) pen=+2483% pen_compl=+4735% CI[+2023,+3110] (484s)
[detector_B1] a=0.003 c=20 B1 fpr=0.1 A=21616(dnc37.2%) B=812(dnc1.4%) pen=+2561% pen_compl=+4106% CI[+2068,+3357] (525s)
[detector_B1] a=0.003 c=20 B1 fpr=0.25 A=21803(dnc37.6%) B=929(dnc1.6%) pen=+2247% pen_compl=+3241% CI[+1842,+2917] (566s)
[detector_B1] a=0.003 c=20 B1 fpr=0.5 A=22340(dnc38.4%) B=1184(dnc2.0%) pen=+1787% pen_compl=+2437% CI[+1514,+2163] (609s)
=ckpt spacing alpha=0.003 B1=
[ckpt_B1] a=0.003 c=10 B1 fpr=0.1 A=2087(dnc0.0%) B=598(dnc0.9%) pen=+249% pen_compl=+1588% CI[+180,+362] (617s)
[ckpt_B1] a=0.003 c=20 B1 fpr=0.1 A=21616(dnc37.2%) B=812(dnc1.4%) pen=+2561% pen_compl=+4106% CI[+2068,+3357] (658s)
[ckpt_B1] a=0.003 c=40 B1 fpr=0.1 A=24054(dnc45.2%) B=1037(dnc1.8%) pen=+2221% pen_compl=+1824% CI[+1859,+2717] (683s)
WROTE results_v2.csv 23 rows total 683s
