MAX_PHRASE_LEN = 4 | lexicon size = 10
harness defined.
sweep1 13.8 s
sweep2 15.9 s
sweep3 16.1 s
TOTAL 16.1 s
{
  "max_phrase_len": 4,
  "sweep1_recall_mt": {
    "stateless|C=1": [
      0.0,
      0.0
    ],
    "stateless|C=2": [
      0.1884,
      0.003
    ],
    "stateless|C=4": [
      0.5427,
      0.0028
    ],
    "stateless|C=8": [
      0.7844,
      0.0038
    ],
    "stateless|C=16": [
      0.9046,
      0.0027
    ],
    "stateless|C=32": [
      0.9712,
      0.0021
    ],
    "sliding_W16|C=1": [
      1.0,
      0.0
    ],
    "sliding_W16|C=2": [
      1.0,
      0.0
    ],
    "sliding_W16|C=4": [
      1.0,
      0.0
    ],
    "sliding_W16|C=8": [
      1.0,
      0.0
    ],
    "sliding_W16|C=16": [
      0.9545,
      0.001
    ],
    "sliding_W16|C=32": [
      0.5727,
      0.0048
    ],
    "unbounded|C=1": [
      1.0,
      0.0
    ],
    "unbounded|C=2": [
      1.0,
      0.0
    ],
    "unbounded|C=4": [
      1.0,
      0.0
    ],
    "unbounded|C=8": [
      1.0,
      0.0
    ],
    "unbounded|C=16": [
      1.0,
      0.0
    ],
    "unbounded|C=32": [
      1.0,
      0.0
    ]
  },
  "sweep2_recall_mt": {
    "C=8|W=0": [
      0.7844,
      0.0038
    ],
    "C=8|W=2": [
      0.0522,
      0.0017
    ],
    "C=8|W=4": [
      0.299,
      0.0031
    ],
    "C=8|W=8": [
      0.8255,
      0.0043
    ],
    "C=8|W=16": [
      1.0,
      0.0
    ],
    "C=8|W=32": [
      1.0,
      0.0
    ],
    "C=8|W=64": [
      1.0,
      0.0
    ],
    "C=16|W=0": [
      0.9046,
      0.0027
    ],
    "C=16|W=2": [
      0.029,
      0.0011
    ],
    "C=16|W=4": [
      0.1652,
      0.0013
    ],
    "C=16|W=8": [
      0.4625,
      0.002
    ],
    "C=16|W=16": [
      0.9545,
      0.001
    ],
    "C=16|W=32": [
      1.0,
      0.0
    ],
    "C=16|W=64": [
      1.0,
      0.0
    ]
  },
  "sweep3_phraselen": {
    "plen=1": [
      1.0,
      0.0
    ],
    "plen=2": [
      0.8847,
      0.0063
    ],
    "plen=3": [
      0.7714,
      0.0045
    ],
    "plen=4": [
      0.6534,
      0.0071
    ]
  }
}
