MetaCode at Meta (https://fburl.com/metacode)
--dangerously-disable-osx-sandbox flag is enabled, please use caution!
[0m
> build · avocado-code-latest
[0m
[0m✱ [0mGlob "**/_committee_common_v001.md"[90m 0 matches[0m
[0m✱ [0mGlob "**/TOOLING_v001.md"[90m 0 matches[0m
[0m✱ [0mGlob "**/_shared/*.md"[90m 0 matches[0m
[0m→ [0mRead .
[0m
[0m$ [0mfind /Users/dengcchi/autonomous-research-v3 -name "_committee_common_v001.md" 2>/dev/null | head -20
[0m
[0m$ [0mfind /Users/dengcchi -name "_committee_common_v001.md" 2>/dev/null | head -20
/Users/dengcchi/autonomous-research-e2e/.research-os/prompts/committee/_committee_common_v001.md
/Users/dengcchi/research-os/prompts/committee/_committee_common_v001.md
[0m
[0m→ [0mRead ../autonomous-research-e2e/.research-os/prompts/committee/_committee_common_v001.md
[0m
[0m$ [0mfind /Users/dengcchi -name "TOOLING_v001.md" 2>/dev/null | head -20
/Users/dengcchi/research-os/prompts/_shared/TOOLING_v001.md
[0m
[0m→ [0mRead ../research-os/prompts/_shared/TOOLING_v001.md
