VERSIONS: {'python': '3.13.12', 'pandas': '3.0.3', 'numpy': '2.4.6', 'pyarrow': '24.0.0', 'sklearn': '1.9.0'}
[float16 N=100 mag=1.0] pandas=finite(1) numpy=finite(1) sklearn=finite(1) distinct=1
[float16 N=100 mag=100.0] pandas=finite(100) numpy=finite(100) sklearn=finite(100) distinct=1
[float16 N=100 mag=1000.0] pandas=inf(inf) numpy=finite(1000) sklearn=finite(1000) distinct=2
[float16 N=656 mag=1.0] pandas=finite(1) numpy=finite(1) sklearn=finite(1) distinct=1
[float16 N=656 mag=100.0] pandas=inf(inf) numpy=finite(100) sklearn=finite(100) distinct=2
[float16 N=656 mag=1000.0] pandas=inf(inf) numpy=finite(1000) sklearn=finite(1000) distinct=2
[float16 N=1000 mag=1.0] pandas=finite(1) numpy=finite(1) sklearn=finite(1) distinct=1
[float16 N=1000 mag=100.0] pandas=inf(inf) numpy=finite(100) sklearn=finite(100) distinct=2
[float16 N=1000 mag=1000.0] pandas=inf(inf) numpy=finite(1000) sklearn=finite(1000) distinct=2
[float16 N=10000 mag=1.0] pandas=finite(1) numpy=finite(1) sklearn=finite(1) distinct=1
[float16 N=10000 mag=100.0] pandas=inf(inf) numpy=finite(100) sklearn=finite(100) distinct=2
[float16 N=10000 mag=1000.0] pandas=inf(inf) numpy=finite(1000) sklearn=finite(1000) distinct=2
[float16 N=65504 mag=1.0] pandas=finite(1) numpy=finite(1) sklearn=finite(1) distinct=1
[float16 N=65504 mag=100.0] pandas=inf(inf) numpy=finite(100) sklearn=finite(100) distinct=2
[float16 N=65504 mag=1000.0] pandas=inf(inf) numpy=finite(1000) sklearn=finite(1000) distinct=2
[float16 N=100000 mag=1.0] pandas=nan(nan) numpy=finite(1) sklearn=finite(1) distinct=2
[float16 N=100000 mag=100.0] pandas=nan(nan) numpy=finite(100) sklearn=finite(100) distinct=2
[float16 N=100000 mag=1000.0] pandas=nan(nan) numpy=finite(1000) sklearn=finite(1000) distinct=2
[float16 N=1000000 mag=1.0] pandas=nan(nan) numpy=finite(1) sklearn=finite(1) distinct=2
[float16 N=1000000 mag=100.0] pandas=nan(nan) numpy=finite(100) sklearn=finite(100) distinct=2
[float16 N=1000000 mag=1000.0] pandas=nan(nan) numpy=finite(1000) sklearn=finite(1000) distinct=2
[float32 N=100 mag=1.0] pandas=finite(1) numpy=finite(1) sklearn=finite(1) distinct=1
[float32 N=100 mag=100.0] pandas=finite(100) numpy=finite(100) sklearn=finite(100) distinct=1
[float32 N=100 mag=1000.0] pandas=finite(1000) numpy=finite(1000) sklearn=finite(1000) distinct=1
[float32 N=656 mag=1.0] pandas=finite(1) numpy=finite(1) sklearn=finite(1) distinct=1
[float32 N=656 mag=100.0] pandas=finite(100) numpy=finite(100) sklearn=finite(100) distinct=1
[float32 N=656 mag=1000.0] pandas=finite(1000) numpy=finite(1000) sklearn=finite(1000) distinct=1
[float32 N=1000 mag=1.0] pandas=finite(1) numpy=finite(1) sklearn=finite(1) distinct=1
[float32 N=1000 mag=100.0] pandas=finite(100) numpy=finite(100) sklearn=finite(100) distinct=1
[float32 N=1000 mag=1000.0] pandas=finite(1000) numpy=finite(1000) sklearn=finite(1000) distinct=1
[float32 N=10000 mag=1.0] pandas=finite(1) numpy=finite(1) sklearn=finite(1) distinct=1
[float32 N=10000 mag=100.0] pandas=finite(100) numpy=finite(100) sklearn=finite(100) distinct=1
[float32 N=10000 mag=1000.0] pandas=finite(1000) numpy=finite(1000) sklearn=finite(1000) distinct=1
[float32 N=65504 mag=1.0] pandas=finite(1) numpy=finite(1) sklearn=finite(1) distinct=1
[float32 N=65504 mag=100.0] pandas=finite(100) numpy=finite(100) sklearn=finite(100) distinct=1
[float32 N=65504 mag=1000.0] pandas=finite(1000) numpy=finite(1000) sklearn=finite(1000) distinct=1
[float32 N=100000 mag=1.0] pandas=finite(1) numpy=finite(1) sklearn=finite(1) distinct=1
[float32 N=100000 mag=100.0] pandas=finite(100) numpy=finite(100) sklearn=finite(100) distinct=1
[float32 N=100000 mag=1000.0] pandas=finite(1000) numpy=finite(1000) sklearn=finite(1000) distinct=1
[float32 N=1000000 mag=1.0] pandas=finite(1) numpy=finite(1) sklearn=finite(1) distinct=1
[float32 N=1000000 mag=100.0] pandas=finite(100) numpy=finite(100) sklearn=finite(100) distinct=1
[float32 N=1000000 mag=1000.0] pandas=finite(1000) numpy=finite(1000) sklearn=finite(1000) distinct=1
[float64 N=100 mag=1.0] pandas=finite(1) numpy=finite(1) sklearn=finite(1) distinct=1
[float64 N=100 mag=100.0] pandas=finite(100) numpy=finite(100) sklearn=finite(100) distinct=1
[float64 N=100 mag=1000.0] pandas=finite(1000) numpy=finite(1000) sklearn=finite(1000) distinct=1
[float64 N=656 mag=1.0] pandas=finite(1) numpy=finite(1) sklearn=finite(1) distinct=1
[float64 N=656 mag=100.0] pandas=finite(100) numpy=finite(100) sklearn=finite(100) distinct=1
[float64 N=656 mag=1000.0] pandas=finite(1000) numpy=finite(1000) sklearn=finite(1000) distinct=1
[float64 N=1000 mag=1.0] pandas=finite(1) numpy=finite(1) sklearn=finite(1) distinct=1
[float64 N=1000 mag=100.0] pandas=finite(100) numpy=finite(100) sklearn=finite(100) distinct=1
[float64 N=1000 mag=1000.0] pandas=finite(1000) numpy=finite(1000) sklearn=finite(1000) distinct=1
[float64 N=10000 mag=1.0] pandas=finite(1) numpy=finite(1) sklearn=finite(1) distinct=1
[float64 N=10000 mag=100.0] pandas=finite(100) numpy=finite(100) sklearn=finite(100) distinct=1
[float64 N=10000 mag=1000.0] pandas=finite(1000) numpy=finite(1000) sklearn=finite(1000) distinct=1
[float64 N=65504 mag=1.0] pandas=finite(1) numpy=finite(1) sklearn=finite(1) distinct=1
[float64 N=65504 mag=100.0] pandas=finite(100) numpy=finite(100) sklearn=finite(100) distinct=1
[float64 N=65504 mag=1000.0] pandas=finite(1000) numpy=finite(1000) sklearn=finite(1000) distinct=1
[float64 N=100000 mag=1.0] pandas=finite(1) numpy=finite(1) sklearn=finite(1) distinct=1
[float64 N=100000 mag=100.0] pandas=finite(100) numpy=finite(100) sklearn=finite(100) distinct=1
[float64 N=100000 mag=1000.0] pandas=finite(1000) numpy=finite(1000) sklearn=finite(1000) distinct=1
[float64 N=1000000 mag=1.0] pandas=finite(1) numpy=finite(1) sklearn=finite(1) distinct=1
[float64 N=1000000 mag=100.0] pandas=finite(100) numpy=finite(100) sklearn=finite(100) distinct=1
[float64 N=1000000 mag=1000.0] pandas=finite(1000) numpy=finite(1000) sklearn=finite(1000) distinct=1

wrote sweep_synthetic.csv: 63 rows

=== REAL: California housing feature magnitudes ===
[MedInc] N=20640 range=[0.5,15] gt_mean=3.871 -> pandas=inf(inf) numpy=finite(3.871) sklearn=3.87068 distinct=2
[HouseAge] N=20640 range=[1,52] gt_mean=28.64 -> pandas=inf(inf) numpy=finite(28.64) sklearn=28.6395 distinct=3
[AveRooms] N=20640 range=[0.846,142] gt_mean=5.429 -> pandas=inf(inf) numpy=finite(5.43) sklearn=5.42899 distinct=3
[AveBedrms] N=20640 range=[0.333,34.1] gt_mean=1.097 -> pandas=finite(1.097) numpy=finite(1.097) sklearn=1.09668 distinct=1
[Population] N=20640 range=[3,3.57e+04] gt_mean=1425 -> pandas=inf(inf) numpy=finite(1425) sklearn=1425.47 distinct=3
[AveOccup] N=20640 range=[0.692,1.24e+03] gt_mean=3.071 -> pandas=finite(3.072) numpy=finite(3.07) sklearn=3.07062 distinct=3
[Latitude] N=20640 range=[32.5,42] gt_mean=35.63 -> pandas=inf(inf) numpy=finite(35.62) sklearn=35.632 distinct=3
[Longitude] N=20640 range=[-124,-114] gt_mean=-119.6 -> pandas=inf(-inf) numpy=finite(-119.6) sklearn=-119.57 distinct=3
[MedInc_x100] N=20640 range=[50,1.5e+03] gt_mean=387.1 -> pandas=inf(inf) numpy=finite(387) sklearn=387.068 distinct=3
wrote real_california.csv: 9 rows
DONE
