Collecting pillow
  Downloading pillow-12.2.0-cp312-cp312-macosx_11_0_arm64.whl.metadata (8.8 kB)
Downloading pillow-12.2.0-cp312-cp312-macosx_11_0_arm64.whl (4.7 MB)
   ━━━━━━━━━━━━━━━━━━━━━━━━━━━━━━━━━━━━━━━━ 4.7/4.7 MB 32.9 MB/s eta 0:00:00
Installing collected packages: pillow
Successfully installed pillow-12.2.0

[notice] A new release of pip is available: 25.0.1 -> 26.1.2
[notice] To update, run: pip install --upgrade pip
PILLOW_DONE
Looking in indexes: https://download.pytorch.org/whl/cpu
Collecting torch
  Downloading https://download-r2.pytorch.org/whl/cpu/torch-2.12.0-cp312-cp312-macosx_14_0_arm64.whl.metadata (31 kB)
Collecting filelock (from torch)
  Downloading filelock-3.29.0-py3-none-any.whl.metadata (2.0 kB)
Collecting typing-extensions>=4.10.0 (from torch)
  Downloading https://download.pytorch.org/whl/typing_extensions-4.15.0-py3-none-any.whl.metadata (3.3 kB)
Collecting setuptools<82 (from torch)
  Downloading https://download.pytorch.org/whl/setuptools-70.2.0-py3-none-any.whl.metadata (5.8 kB)
Collecting sympy>=1.13.3 (from torch)
  Downloading sympy-1.14.0-py3-none-any.whl.metadata (12 kB)
Collecting networkx>=2.5.1 (from torch)
  Downloading networkx-3.6.1-py3-none-any.whl.metadata (6.8 kB)
Collecting jinja2 (from torch)
  Downloading https://download.pytorch.org/whl/jinja2-3.1.6-py3-none-any.whl.metadata (2.9 kB)
Collecting fsspec>=0.8.5 (from torch)
  Downloading fsspec-2026.4.0-py3-none-any.whl.metadata (10 kB)
Collecting mpmath<1.4,>=1.1.0 (from sympy>=1.13.3->torch)
  Downloading mpmath-1.3.0-py3-none-any.whl.metadata (8.6 kB)
Collecting MarkupSafe>=2.0 (from jinja2->torch)
  Downloading https://download.pytorch.org/whl/markupsafe-3.0.3-cp312-cp312-macosx_11_0_arm64.whl.metadata (2.7 kB)
Downloading https://download-r2.pytorch.org/whl/cpu/torch-2.12.0-cp312-cp312-macosx_14_0_arm64.whl (88.0 MB)
   ━━━━━━━━━━━━━━━━━━━━━━━━━━━━━━━━━━━━━━━━ 88.0/88.0 MB 49.0 MB/s eta 0:00:00
Downloading fsspec-2026.4.0-py3-none-any.whl (203 kB)
Downloading networkx-3.6.1-py3-none-any.whl (2.1 MB)
   ━━━━━━━━━━━━━━━━━━━━━━━━━━━━━━━━━━━━━━━━ 2.1/2.1 MB 23.8 MB/s eta 0:00:00
Downloading https://download.pytorch.org/whl/setuptools-70.2.0-py3-none-any.whl (930 kB)
   ━━━━━━━━━━━━━━━━━━━━━━━━━━━━━━━━━━━━━━━━ 930.8/930.8 kB 12.9 MB/s eta 0:00:00
Downloading sympy-1.14.0-py3-none-any.whl (6.3 MB)
   ━━━━━━━━━━━━━━━━━━━━━━━━━━━━━━━━━━━━━━━━ 6.3/6.3 MB 59.7 MB/s eta 0:00:00
Downloading https://download.pytorch.org/whl/typing_extensions-4.15.0-py3-none-any.whl (44 kB)
Downloading filelock-3.29.0-py3-none-any.whl (39 kB)
Downloading https://download.pytorch.org/whl/jinja2-3.1.6-py3-none-any.whl (134 kB)
Downloading https://download.pytorch.org/whl/markupsafe-3.0.3-cp312-cp312-macosx_11_0_arm64.whl (12 kB)
Downloading mpmath-1.3.0-py3-none-any.whl (536 kB)
   ━━━━━━━━━━━━━━━━━━━━━━━━━━━━━━━━━━━━━━━━ 536.2/536.2 kB 27.9 MB/s eta 0:00:00
Installing collected packages: mpmath, typing-extensions, sympy, setuptools, networkx, MarkupSafe, fsspec, filelock, jinja2, torch
Successfully installed MarkupSafe-3.0.3 filelock-3.29.0 fsspec-2026.4.0 jinja2-3.1.6 mpmath-1.3.0 networkx-3.6.1 setuptools-70.2.0 sympy-1.14.0 torch-2.12.0 typing-extensions-4.15.0

[notice] A new release of pip is available: 25.0.1 -> 26.1.2
[notice] To update, run: pip install --upgrade pip
TORCH_DONE
Collecting transformers>=4.49
  Downloading transformers-5.10.1-py3-none-any.whl.metadata (33 kB)
Collecting huggingface-hub<2.0,>=1.5.0 (from transformers>=4.49)
  Downloading huggingface_hub-1.17.0-py3-none-any.whl.metadata (14 kB)
Requirement already satisfied: numpy>=1.17 in ./venv/lib/python3.12/site-packages (from transformers>=4.49) (2.4.6)
Collecting packaging>=20.0 (from transformers>=4.49)
  Downloading packaging-26.2-py3-none-any.whl.metadata (3.5 kB)
Collecting pyyaml>=5.1 (from transformers>=4.49)
  Downloading pyyaml-6.0.3-cp312-cp312-macosx_11_0_arm64.whl.metadata (2.4 kB)
Collecting regex>=2025.10.22 (from transformers>=4.49)
  Downloading regex-2026.5.9-cp312-cp312-macosx_11_0_arm64.whl.metadata (40 kB)
Collecting tokenizers<=0.23.0,>=0.22.0 (from transformers>=4.49)
  Downloading tokenizers-0.22.2-cp39-abi3-macosx_11_0_arm64.whl.metadata (7.3 kB)
Collecting typer (from transformers>=4.49)
  Downloading typer-0.26.7-py3-none-any.whl.metadata (16 kB)
Collecting safetensors>=0.4.3 (from transformers>=4.49)
  Downloading safetensors-0.7.0-cp38-abi3-macosx_11_0_arm64.whl.metadata (4.1 kB)
Collecting tqdm>=4.27 (from transformers>=4.49)
  Downloading tqdm-4.67.3-py3-none-any.whl.metadata (57 kB)
Collecting click>=8.4.0 (from huggingface-hub<2.0,>=1.5.0->transformers>=4.49)
  Downloading click-8.4.1-py3-none-any.whl.metadata (2.6 kB)
Requirement already satisfied: filelock>=3.10.0 in ./venv/lib/python3.12/site-packages (from huggingface-hub<2.0,>=1.5.0->transformers>=4.49) (3.29.0)
Requirement already satisfied: fsspec>=2023.5.0 in ./venv/lib/python3.12/site-packages (from huggingface-hub<2.0,>=1.5.0->transformers>=4.49) (2026.4.0)
Collecting hf-xet<2.0.0,>=1.4.3 (from huggingface-hub<2.0,>=1.5.0->transformers>=4.49)
  Downloading hf_xet-1.5.0-cp37-abi3-macosx_11_0_arm64.whl.metadata (4.9 kB)
Collecting httpx<1,>=0.23.0 (from huggingface-hub<2.0,>=1.5.0->transformers>=4.49)
  Downloading httpx-0.28.1-py3-none-any.whl.metadata (7.1 kB)
Collecting typer (from transformers>=4.49)
  Downloading typer-0.25.1-py3-none-any.whl.metadata (15 kB)
Requirement already satisfied: typing-extensions>=4.1.0 in ./venv/lib/python3.12/site-packages (from huggingface-hub<2.0,>=1.5.0->transformers>=4.49) (4.15.0)
Collecting shellingham>=1.3.0 (from typer->transformers>=4.49)
  Downloading shellingham-1.5.4-py2.py3-none-any.whl.metadata (3.5 kB)
Collecting rich>=13.8.0 (from typer->transformers>=4.49)
  Downloading rich-15.0.0-py3-none-any.whl.metadata (18 kB)
Collecting annotated-doc>=0.0.2 (from typer->transformers>=4.49)
  Downloading annotated_doc-0.0.4-py3-none-any.whl.metadata (6.6 kB)
Collecting anyio (from httpx<1,>=0.23.0->huggingface-hub<2.0,>=1.5.0->transformers>=4.49)
  Downloading anyio-4.13.0-py3-none-any.whl.metadata (4.5 kB)
Collecting certifi (from httpx<1,>=0.23.0->huggingface-hub<2.0,>=1.5.0->transformers>=4.49)
  Using cached certifi-2026.5.20-py3-none-any.whl.metadata (2.5 kB)
Collecting httpcore==1.* (from httpx<1,>=0.23.0->huggingface-hub<2.0,>=1.5.0->transformers>=4.49)
  Downloading httpcore-1.0.9-py3-none-any.whl.metadata (21 kB)
Collecting idna (from httpx<1,>=0.23.0->huggingface-hub<2.0,>=1.5.0->transformers>=4.49)
  Downloading idna-3.18-py3-none-any.whl.metadata (6.1 kB)
Collecting h11>=0.16 (from httpcore==1.*->httpx<1,>=0.23.0->huggingface-hub<2.0,>=1.5.0->transformers>=4.49)
  Downloading h11-0.16.0-py3-none-any.whl.metadata (8.3 kB)
Collecting markdown-it-py>=2.2.0 (from rich>=13.8.0->typer->transformers>=4.49)
  Downloading markdown_it_py-4.2.0-py3-none-any.whl.metadata (7.4 kB)
Collecting pygments<3.0.0,>=2.13.0 (from rich>=13.8.0->typer->transformers>=4.49)
  Downloading pygments-2.20.0-py3-none-any.whl.metadata (2.5 kB)
Collecting mdurl~=0.1 (from markdown-it-py>=2.2.0->rich>=13.8.0->typer->transformers>=4.49)
  Downloading mdurl-0.1.2-py3-none-any.whl.metadata (1.6 kB)
Downloading transformers-5.10.1-py3-none-any.whl (11.0 MB)
   ━━━━━━━━━━━━━━━━━━━━━━━━━━━━━━━━━━━━━━━━ 11.0/11.0 MB 9.3 MB/s eta 0:00:00
Downloading huggingface_hub-1.17.0-py3-none-any.whl (671 kB)
   ━━━━━━━━━━━━━━━━━━━━━━━━━━━━━━━━━━━━━━━━ 671.5/671.5 kB 17.6 MB/s eta 0:00:00
Downloading packaging-26.2-py3-none-any.whl (100 kB)
Downloading pyyaml-6.0.3-cp312-cp312-macosx_11_0_arm64.whl (173 kB)
Downloading regex-2026.5.9-cp312-cp312-macosx_11_0_arm64.whl (289 kB)
Downloading safetensors-0.7.0-cp38-abi3-macosx_11_0_arm64.whl (447 kB)
Downloading tokenizers-0.22.2-cp39-abi3-macosx_11_0_arm64.whl (3.0 MB)
   ━━━━━━━━━━━━━━━━━━━━━━━━━━━━━━━━━━━━━━━━ 3.0/3.0 MB 23.5 MB/s eta 0:00:00
Downloading tqdm-4.67.3-py3-none-any.whl (78 kB)
Downloading typer-0.25.1-py3-none-any.whl (58 kB)
Downloading annotated_doc-0.0.4-py3-none-any.whl (5.3 kB)
Downloading click-8.4.1-py3-none-any.whl (116 kB)
Downloading hf_xet-1.5.0-cp37-abi3-macosx_11_0_arm64.whl (3.8 MB)
   ━━━━━━━━━━━━━━━━━━━━━━━━━━━━━━━━━━━━━━━━ 3.8/3.8 MB 26.9 MB/s eta 0:00:00
Downloading httpx-0.28.1-py3-none-any.whl (73 kB)
Downloading httpcore-1.0.9-py3-none-any.whl (78 kB)
Downloading rich-15.0.0-py3-none-any.whl (310 kB)
Downloading shellingham-1.5.4-py2.py3-none-any.whl (9.8 kB)
Downloading markdown_it_py-4.2.0-py3-none-any.whl (91 kB)
Downloading pygments-2.20.0-py3-none-any.whl (1.2 MB)
   ━━━━━━━━━━━━━━━━━━━━━━━━━━━━━━━━━━━━━━━━ 1.2/1.2 MB 27.9 MB/s eta 0:00:00
Downloading anyio-4.13.0-py3-none-any.whl (114 kB)
Downloading idna-3.18-py3-none-any.whl (65 kB)
Using cached certifi-2026.5.20-py3-none-any.whl (134 kB)
Downloading h11-0.16.0-py3-none-any.whl (37 kB)
Downloading mdurl-0.1.2-py3-none-any.whl (10.0 kB)
Installing collected packages: tqdm, shellingham, safetensors, regex, pyyaml, pygments, packaging, mdurl, idna, hf-xet, h11, click, certifi, annotated-doc, markdown-it-py, httpcore, anyio, rich, httpx, typer, huggingface-hub, tokenizers, transformers
Successfully installed annotated-doc-0.0.4 anyio-4.13.0 certifi-2026.5.20 click-8.4.1 h11-0.16.0 hf-xet-1.5.0 httpcore-1.0.9 httpx-0.28.1 huggingface-hub-1.17.0 idna-3.18 markdown-it-py-4.2.0 mdurl-0.1.2 packaging-26.2 pygments-2.20.0 pyyaml-6.0.3 regex-2026.5.9 rich-15.0.0 safetensors-0.7.0 shellingham-1.5.4 tokenizers-0.22.2 tqdm-4.67.3 transformers-5.10.1 typer-0.25.1

[notice] A new release of pip is available: 25.0.1 -> 26.1.2
[notice] To update, run: pip install --upgrade pip
TF_DONE
Collecting datasets
  Downloading datasets-4.8.5-py3-none-any.whl.metadata (19 kB)
Requirement already satisfied: filelock in ./venv/lib/python3.12/site-packages (from datasets) (3.29.0)
Requirement already satisfied: numpy>=1.17 in ./venv/lib/python3.12/site-packages (from datasets) (2.4.6)
Collecting pyarrow>=21.0.0 (from datasets)
  Downloading pyarrow-24.0.0-cp312-cp312-macosx_12_0_arm64.whl.metadata (3.0 kB)
Collecting dill<0.4.2,>=0.3.0 (from datasets)
  Downloading dill-0.4.1-py3-none-any.whl.metadata (10 kB)
Collecting pandas (from datasets)
  Using cached pandas-3.0.3-cp312-cp312-macosx_11_0_arm64.whl.metadata (79 kB)
Collecting requests>=2.32.2 (from datasets)
  Using cached requests-2.34.2-py3-none-any.whl.metadata (4.8 kB)
Requirement already satisfied: httpx<1.0.0 in ./venv/lib/python3.12/site-packages (from datasets) (0.28.1)
Requirement already satisfied: tqdm>=4.66.3 in ./venv/lib/python3.12/site-packages (from datasets) (4.67.3)
Collecting xxhash (from datasets)
  Downloading xxhash-3.7.0-cp312-cp312-macosx_11_0_arm64.whl.metadata (13 kB)
Collecting multiprocess<0.70.20 (from datasets)
  Downloading multiprocess-0.70.19-py312-none-any.whl.metadata (7.5 kB)
Collecting fsspec<=2026.2.0,>=2023.1.0 (from fsspec[http]<=2026.2.0,>=2023.1.0->datasets)
  Downloading fsspec-2026.2.0-py3-none-any.whl.metadata (10 kB)
Requirement already satisfied: huggingface-hub<2.0,>=0.25.0 in ./venv/lib/python3.12/site-packages (from datasets) (1.17.0)
Requirement already satisfied: packaging in ./venv/lib/python3.12/site-packages (from datasets) (26.2)
Requirement already satisfied: pyyaml>=5.1 in ./venv/lib/python3.12/site-packages (from datasets) (6.0.3)
Collecting aiohttp!=4.0.0a0,!=4.0.0a1 (from fsspec[http]<=2026.2.0,>=2023.1.0->datasets)
  Downloading aiohttp-3.14.0-cp312-cp312-macosx_11_0_arm64.whl.metadata (8.3 kB)
Requirement already satisfied: anyio in ./venv/lib/python3.12/site-packages (from httpx<1.0.0->datasets) (4.13.0)
Requirement already satisfied: certifi in ./venv/lib/python3.12/site-packages (from httpx<1.0.0->datasets) (2026.5.20)
Requirement already satisfied: httpcore==1.* in ./venv/lib/python3.12/site-packages (from httpx<1.0.0->datasets) (1.0.9)
Requirement already satisfied: idna in ./venv/lib/python3.12/site-packages (from httpx<1.0.0->datasets) (3.18)
Requirement already satisfied: h11>=0.16 in ./venv/lib/python3.12/site-packages (from httpcore==1.*->httpx<1.0.0->datasets) (0.16.0)
Requirement already satisfied: click>=8.4.0 in ./venv/lib/python3.12/site-packages (from huggingface-hub<2.0,>=0.25.0->datasets) (8.4.1)
Requirement already satisfied: hf-xet<2.0.0,>=1.4.3 in ./venv/lib/python3.12/site-packages (from huggingface-hub<2.0,>=0.25.0->datasets) (1.5.0)
Requirement already satisfied: typer<0.26.0,>=0.20.0 in ./venv/lib/python3.12/site-packages (from huggingface-hub<2.0,>=0.25.0->datasets) (0.25.1)
Requirement already satisfied: typing-extensions>=4.1.0 in ./venv/lib/python3.12/site-packages (from huggingface-hub<2.0,>=0.25.0->datasets) (4.15.0)
Collecting charset_normalizer<4,>=2 (from requests>=2.32.2->datasets)
  Using cached charset_normalizer-3.4.7-cp312-cp312-macosx_10_13_universal2.whl.metadata (40 kB)
Collecting urllib3<3,>=1.26 (from requests>=2.32.2->datasets)
  Using cached urllib3-2.7.0-py3-none-any.whl.metadata (6.9 kB)
Collecting python-dateutil>=2.8.2 (from pandas->datasets)
  Using cached python_dateutil-2.9.0.post0-py2.py3-none-any.whl.metadata (8.4 kB)
Collecting aiohappyeyeballs>=2.5.0 (from aiohttp!=4.0.0a0,!=4.0.0a1->fsspec[http]<=2026.2.0,>=2023.1.0->datasets)
  Downloading aiohappyeyeballs-2.6.2-py3-none-any.whl.metadata (5.9 kB)
Collecting aiosignal>=1.4.0 (from aiohttp!=4.0.0a0,!=4.0.0a1->fsspec[http]<=2026.2.0,>=2023.1.0->datasets)
  Downloading aiosignal-1.4.0-py3-none-any.whl.metadata (3.7 kB)
Collecting attrs>=17.3.0 (from aiohttp!=4.0.0a0,!=4.0.0a1->fsspec[http]<=2026.2.0,>=2023.1.0->datasets)
  Downloading attrs-26.1.0-py3-none-any.whl.metadata (8.8 kB)
Collecting frozenlist>=1.1.1 (from aiohttp!=4.0.0a0,!=4.0.0a1->fsspec[http]<=2026.2.0,>=2023.1.0->datasets)
  Downloading frozenlist-1.8.0-cp312-cp312-macosx_11_0_arm64.whl.metadata (20 kB)
Collecting multidict<7.0,>=4.5 (from aiohttp!=4.0.0a0,!=4.0.0a1->fsspec[http]<=2026.2.0,>=2023.1.0->datasets)
  Downloading multidict-6.7.1-cp312-cp312-macosx_11_0_arm64.whl.metadata (5.3 kB)
Collecting propcache>=0.2.0 (from aiohttp!=4.0.0a0,!=4.0.0a1->fsspec[http]<=2026.2.0,>=2023.1.0->datasets)
  Downloading propcache-0.5.2-cp312-cp312-macosx_11_0_arm64.whl.metadata (16 kB)
Collecting yarl<2.0,>=1.17.0 (from aiohttp!=4.0.0a0,!=4.0.0a1->fsspec[http]<=2026.2.0,>=2023.1.0->datasets)
  Downloading yarl-1.24.2-cp312-cp312-macosx_11_0_arm64.whl.metadata (94 kB)
Collecting six>=1.5 (from python-dateutil>=2.8.2->pandas->datasets)
  Using cached six-1.17.0-py2.py3-none-any.whl.metadata (1.7 kB)
Requirement already satisfied: shellingham>=1.3.0 in ./venv/lib/python3.12/site-packages (from typer<0.26.0,>=0.20.0->huggingface-hub<2.0,>=0.25.0->datasets) (1.5.4)
Requirement already satisfied: rich>=13.8.0 in ./venv/lib/python3.12/site-packages (from typer<0.26.0,>=0.20.0->huggingface-hub<2.0,>=0.25.0->datasets) (15.0.0)
Requirement already satisfied: annotated-doc>=0.0.2 in ./venv/lib/python3.12/site-packages (from typer<0.26.0,>=0.20.0->huggingface-hub<2.0,>=0.25.0->datasets) (0.0.4)
Requirement already satisfied: markdown-it-py>=2.2.0 in ./venv/lib/python3.12/site-packages (from rich>=13.8.0->typer<0.26.0,>=0.20.0->huggingface-hub<2.0,>=0.25.0->datasets) (4.2.0)
Requirement already satisfied: pygments<3.0.0,>=2.13.0 in ./venv/lib/python3.12/site-packages (from rich>=13.8.0->typer<0.26.0,>=0.20.0->huggingface-hub<2.0,>=0.25.0->datasets) (2.20.0)
Requirement already satisfied: mdurl~=0.1 in ./venv/lib/python3.12/site-packages (from markdown-it-py>=2.2.0->rich>=13.8.0->typer<0.26.0,>=0.20.0->huggingface-hub<2.0,>=0.25.0->datasets) (0.1.2)
Downloading datasets-4.8.5-py3-none-any.whl (528 kB)
   ━━━━━━━━━━━━━━━━━━━━━━━━━━━━━━━━━━━━━━━━ 529.0/529.0 kB 4.7 MB/s eta 0:00:00
Downloading dill-0.4.1-py3-none-any.whl (120 kB)
Downloading fsspec-2026.2.0-py3-none-any.whl (202 kB)
Downloading multiprocess-0.70.19-py312-none-any.whl (150 kB)
Downloading pyarrow-24.0.0-cp312-cp312-macosx_12_0_arm64.whl (35.0 MB)
   ━━━━━━━━━━━━━━━━━━━━━━━━━━━━━━━━━━━━━━━━ 35.0/35.0 MB 38.7 MB/s eta 0:00:00
Downloading requests-2.34.2-py3-none-any.whl (73 kB)
Using cached pandas-3.0.3-cp312-cp312-macosx_11_0_arm64.whl (9.9 MB)
Downloading xxhash-3.7.0-cp312-cp312-macosx_11_0_arm64.whl (30 kB)
Downloading aiohttp-3.14.0-cp312-cp312-macosx_11_0_arm64.whl (507 kB)
Using cached charset_normalizer-3.4.7-cp312-cp312-macosx_10_13_universal2.whl (311 kB)
Using cached python_dateutil-2.9.0.post0-py2.py3-none-any.whl (229 kB)
Using cached urllib3-2.7.0-py3-none-any.whl (131 kB)
Downloading aiohappyeyeballs-2.6.2-py3-none-any.whl (15 kB)
Downloading aiosignal-1.4.0-py3-none-any.whl (7.5 kB)
Downloading attrs-26.1.0-py3-none-any.whl (67 kB)
Downloading frozenlist-1.8.0-cp312-cp312-macosx_11_0_arm64.whl (50 kB)
Downloading multidict-6.7.1-cp312-cp312-macosx_11_0_arm64.whl (43 kB)
Downloading propcache-0.5.2-cp312-cp312-macosx_11_0_arm64.whl (55 kB)
Using cached six-1.17.0-py2.py3-none-any.whl (11 kB)
Downloading yarl-1.24.2-cp312-cp312-macosx_11_0_arm64.whl (91 kB)
Installing collected packages: xxhash, urllib3, six, pyarrow, propcache, multidict, fsspec, frozenlist, dill, charset_normalizer, attrs, aiohappyeyeballs, yarl, requests, python-dateutil, multiprocess, aiosignal, pandas, aiohttp, datasets
  Attempting uninstall: fsspec
    Found existing installation: fsspec 2026.4.0
    Uninstalling fsspec-2026.4.0:
      Successfully uninstalled fsspec-2026.4.0
Successfully installed aiohappyeyeballs-2.6.2 aiohttp-3.14.0 aiosignal-1.4.0 attrs-26.1.0 charset_normalizer-3.4.7 datasets-4.8.5 dill-0.4.1 frozenlist-1.8.0 fsspec-2026.2.0 multidict-6.7.1 multiprocess-0.70.19 pandas-3.0.3 propcache-0.5.2 pyarrow-24.0.0 python-dateutil-2.9.0.post0 requests-2.34.2 six-1.17.0 urllib3-2.7.0 xxhash-3.7.0 yarl-1.24.2

[notice] A new release of pip is available: 25.0.1 -> 26.1.2
[notice] To update, run: pip install --upgrade pip
DATASETS_DONE
ALL_DONE
