Looking in indexes: https://download.pytorch.org/whl/cpu
Collecting torchvision
  Downloading https://download-r2.pytorch.org/whl/cpu/torchvision-0.27.0-cp312-cp312-macosx_14_0_arm64.whl.metadata (5.5 kB)
Requirement already satisfied: numpy in ./venv/lib/python3.12/site-packages (from torchvision) (2.4.6)
Requirement already satisfied: torch==2.12.0 in ./venv/lib/python3.12/site-packages (from torchvision) (2.12.0)
Requirement already satisfied: pillow!=8.3.*,>=5.3.0 in ./venv/lib/python3.12/site-packages (from torchvision) (12.2.0)
Requirement already satisfied: filelock in ./venv/lib/python3.12/site-packages (from torch==2.12.0->torchvision) (3.29.0)
Requirement already satisfied: typing-extensions>=4.10.0 in ./venv/lib/python3.12/site-packages (from torch==2.12.0->torchvision) (4.15.0)
Requirement already satisfied: setuptools<82 in ./venv/lib/python3.12/site-packages (from torch==2.12.0->torchvision) (70.2.0)
Requirement already satisfied: sympy>=1.13.3 in ./venv/lib/python3.12/site-packages (from torch==2.12.0->torchvision) (1.14.0)
Requirement already satisfied: networkx>=2.5.1 in ./venv/lib/python3.12/site-packages (from torch==2.12.0->torchvision) (3.6.1)
Requirement already satisfied: jinja2 in ./venv/lib/python3.12/site-packages (from torch==2.12.0->torchvision) (3.1.6)
Requirement already satisfied: fsspec>=0.8.5 in ./venv/lib/python3.12/site-packages (from torch==2.12.0->torchvision) (2026.2.0)
Requirement already satisfied: mpmath<1.4,>=1.1.0 in ./venv/lib/python3.12/site-packages (from sympy>=1.13.3->torch==2.12.0->torchvision) (1.3.0)
Requirement already satisfied: MarkupSafe>=2.0 in ./venv/lib/python3.12/site-packages (from jinja2->torch==2.12.0->torchvision) (3.0.3)
Downloading https://download-r2.pytorch.org/whl/cpu/torchvision-0.27.0-cp312-cp312-macosx_14_0_arm64.whl (1.8 MB)
   ━━━━━━━━━━━━━━━━━━━━━━━━━━━━━━━━━━━━━━━━ 1.8/1.8 MB 2.3 MB/s eta 0:00:00
Installing collected packages: torchvision
Successfully installed torchvision-0.27.0

[notice] A new release of pip is available: 25.0.1 -> 26.1.2
[notice] To update, run: pip install --upgrade pip
